Archive member included to satisfy reference by file (symbol)

c:/nxp/mcuxpressoide_11.2.0_4120/ide/plugins/com.nxp.mcuxpresso.tools.win32_11.2.0.202001021529/tools/bin/../lib/gcc/arm-none-eabi/9.2.1/../../../../arm-none-eabi/lib/thumb/v6-m/nofp\libcr_nohost_nf.a(_cr__main.o)
                              ./startup/startup_mkl25z4.o (__main)
c:/nxp/mcuxpressoide_11.2.0_4120/ide/plugins/com.nxp.mcuxpresso.tools.win32_11.2.0.202001021529/tools/bin/../lib/gcc/arm-none-eabi/9.2.1/../../../../arm-none-eabi/lib/thumb/v6-m/nofp\libcr_c.a(memcpy.o)
                              ./drivers/fsl_flash.o (memcpy)
c:/nxp/mcuxpressoide_11.2.0_4120/ide/plugins/com.nxp.mcuxpresso.tools.win32_11.2.0.202001021529/tools/bin/../lib/gcc/arm-none-eabi/9.2.1/../../../../arm-none-eabi/lib/thumb/v6-m/nofp\libcr_c.a(memset.o)
                              ./drivers/fsl_flash.o (memset)
c:/nxp/mcuxpressoide_11.2.0_4120/ide/plugins/com.nxp.mcuxpresso.tools.win32_11.2.0.202001021529/tools/bin/../lib/gcc/arm-none-eabi/9.2.1/../../../../arm-none-eabi/lib/thumb/v6-m/nofp\libcr_c.a(initio.o)
                              c:/nxp/mcuxpressoide_11.2.0_4120/ide/plugins/com.nxp.mcuxpresso.tools.win32_11.2.0.202001021529/tools/bin/../lib/gcc/arm-none-eabi/9.2.1/../../../../arm-none-eabi/lib/thumb/v6-m/nofp\libcr_nohost_nf.a(_cr__main.o) (_initio)
c:/nxp/mcuxpressoide_11.2.0_4120/ide/plugins/com.nxp.mcuxpresso.tools.win32_11.2.0.202001021529/tools/bin/../lib/gcc/arm-none-eabi/9.2.1/../../../../arm-none-eabi/lib/thumb/v6-m/nofp\libcr_c.a(setvbuf.o)
                              c:/nxp/mcuxpressoide_11.2.0_4120/ide/plugins/com.nxp.mcuxpresso.tools.win32_11.2.0.202001021529/tools/bin/../lib/gcc/arm-none-eabi/9.2.1/../../../../arm-none-eabi/lib/thumb/v6-m/nofp\libcr_c.a(initio.o) (setvbuf)
c:/nxp/mcuxpressoide_11.2.0_4120/ide/plugins/com.nxp.mcuxpresso.tools.win32_11.2.0.202001021529/tools/bin/../lib/gcc/arm-none-eabi/9.2.1/../../../../arm-none-eabi/lib/thumb/v6-m/nofp\libcr_c.a(strlen.o)
                              ./utilities/fsl_debug_console.o (strlen)
c:/nxp/mcuxpressoide_11.2.0_4120/ide/plugins/com.nxp.mcuxpresso.tools.win32_11.2.0.202001021529/tools/bin/../lib/gcc/arm-none-eabi/9.2.1/../../../../arm-none-eabi/lib/thumb/v6-m/nofp\libcr_c.a(_fdopen.o)
                              c:/nxp/mcuxpressoide_11.2.0_4120/ide/plugins/com.nxp.mcuxpresso.tools.win32_11.2.0.202001021529/tools/bin/../lib/gcc/arm-none-eabi/9.2.1/../../../../arm-none-eabi/lib/thumb/v6-m/nofp\libcr_c.a(initio.o) (_fdopen)
c:/nxp/mcuxpressoide_11.2.0_4120/ide/plugins/com.nxp.mcuxpresso.tools.win32_11.2.0.202001021529/tools/bin/../lib/gcc/arm-none-eabi/9.2.1/../../../../arm-none-eabi/lib/thumb/v6-m/nofp\libcr_c.a(fclose.o)
                              c:/nxp/mcuxpressoide_11.2.0_4120/ide/plugins/com.nxp.mcuxpresso.tools.win32_11.2.0.202001021529/tools/bin/../lib/gcc/arm-none-eabi/9.2.1/../../../../arm-none-eabi/lib/thumb/v6-m/nofp\libcr_c.a(initio.o) (fclose)
c:/nxp/mcuxpressoide_11.2.0_4120/ide/plugins/com.nxp.mcuxpresso.tools.win32_11.2.0.202001021529/tools/bin/../lib/gcc/arm-none-eabi/9.2.1/../../../../arm-none-eabi/lib/thumb/v6-m/nofp\libcr_c.a(fflush.o)
                              c:/nxp/mcuxpressoide_11.2.0_4120/ide/plugins/com.nxp.mcuxpresso.tools.win32_11.2.0.202001021529/tools/bin/../lib/gcc/arm-none-eabi/9.2.1/../../../../arm-none-eabi/lib/thumb/v6-m/nofp\libcr_c.a(fclose.o) (fflush)
c:/nxp/mcuxpressoide_11.2.0_4120/ide/plugins/com.nxp.mcuxpresso.tools.win32_11.2.0.202001021529/tools/bin/../lib/gcc/arm-none-eabi/9.2.1/../../../../arm-none-eabi/lib/thumb/v6-m/nofp\libcr_c.a(fseek.o)
                              c:/nxp/mcuxpressoide_11.2.0_4120/ide/plugins/com.nxp.mcuxpresso.tools.win32_11.2.0.202001021529/tools/bin/../lib/gcc/arm-none-eabi/9.2.1/../../../../arm-none-eabi/lib/thumb/v6-m/nofp\libcr_c.a(_fdopen.o) (fseek)
c:/nxp/mcuxpressoide_11.2.0_4120/ide/plugins/com.nxp.mcuxpresso.tools.win32_11.2.0.202001021529/tools/bin/../lib/gcc/arm-none-eabi/9.2.1/../../../../arm-none-eabi/lib/thumb/v6-m/nofp\libcr_c.a(ftell.o)
                              c:/nxp/mcuxpressoide_11.2.0_4120/ide/plugins/com.nxp.mcuxpresso.tools.win32_11.2.0.202001021529/tools/bin/../lib/gcc/arm-none-eabi/9.2.1/../../../../arm-none-eabi/lib/thumb/v6-m/nofp\libcr_c.a(fseek.o) (ftell)
c:/nxp/mcuxpressoide_11.2.0_4120/ide/plugins/com.nxp.mcuxpresso.tools.win32_11.2.0.202001021529/tools/bin/../lib/gcc/arm-none-eabi/9.2.1/../../../../arm-none-eabi/lib/thumb/v6-m/nofp\libcr_c.a(remove.o)
                              c:/nxp/mcuxpressoide_11.2.0_4120/ide/plugins/com.nxp.mcuxpresso.tools.win32_11.2.0.202001021529/tools/bin/../lib/gcc/arm-none-eabi/9.2.1/../../../../arm-none-eabi/lib/thumb/v6-m/nofp\libcr_c.a(fclose.o) (remove)
c:/nxp/mcuxpressoide_11.2.0_4120/ide/plugins/com.nxp.mcuxpresso.tools.win32_11.2.0.202001021529/tools/bin/../lib/gcc/arm-none-eabi/9.2.1/../../../../arm-none-eabi/lib/thumb/v6-m/nofp\libcr_c.a(_do_fflush.o)
[...]
Memory Configuration

Name             Origin             Length             Attributes
PROGRAM_FLASH    0x00000000         0x00020000         xr
SRAM             0x1ffff000         0x00004000         xrw
*default*        0x00000000         0xffffffff

Linker script and memory map

LOAD ./utilities/fsl_debug_console.o
LOAD ./startup/startup_mkl25z4.o
LOAD ./source/Assignment4_Buffahiti.o
LOAD ./source/TSI.o
LOAD ./source/Timer.o
LOAD ./source/button_int.o
LOAD ./source/led.o
LOAD ./source/mtb.o
LOAD ./source/pwm.o
LOAD ./source/semihost_hardfault.o
LOAD ./source/state_machine.o
LOAD ./drivers/fsl_clock.o
LOAD ./drivers/fsl_common.o
LOAD ./drivers/fsl_flash.o
LOAD ./drivers/fsl_gpio.o
LOAD ./drivers/fsl_lpsci.o
LOAD ./drivers/fsl_smc.o
LOAD ./drivers/fsl_uart.o
LOAD ./board/board.o
LOAD ./board/clock_config.o
LOAD ./board/peripherals.o
LOAD ./board/pin_mux.o
LOAD ./CMSIS/system_MKL25Z4.o
START GROUP
LOAD c:/nxp/mcuxpressoide_11.2.0_4120/ide/plugins/com.nxp.mcuxpresso.tools.win32_11.2.0.202001021529/tools/bin/../lib/gcc/arm-none-eabi/9.2.1/../../../../arm-none-eabi/lib/thumb/v6-m/nofp\libcr_nohost_nf.a
LOAD c:/nxp/mcuxpressoide_11.2.0_4120/ide/plugins/com.nxp.mcuxpresso.tools.win32_11.2.0.202001021529/tools/bin/../lib/gcc/arm-none-eabi/9.2.1/../../../../arm-none-eabi/lib/thumb/v6-m/nofp\libcr_c.a
LOAD c:/nxp/mcuxpressoide_11.2.0_4120/ide/plugins/com.nxp.mcuxpresso.tools.win32_11.2.0.202001021529/tools/bin/../lib/gcc/arm-none-eabi/9.2.1/thumb/v6-m/nofp\libcr_eabihelpers.a
LOAD c:/nxp/mcuxpressoide_11.2.0_4120/ide/plugins/com.nxp.mcuxpresso.tools.win32_11.2.0.202001021529/tools/bin/../lib/gcc/arm-none-eabi/9.2.1/thumb/v6-m/nofp\libgcc.a
END GROUP
                0x00000000                __base_PROGRAM_FLASH = 0x0
                0x00000000                __base_Flash = 0x0
                0x00020000                __top_PROGRAM_FLASH = 0x20000
                0x00020000                __top_Flash = 0x20000
                0x1ffff000                __base_SRAM = 0x1ffff000
                0x1ffff000                __base_RAM = 0x1ffff000
                0x20003000                __top_SRAM = 0x20003000
                0x20003000                __top_RAM = 0x20003000

.text           0x00000000     0x226c
 FILL mask 0xff
                0x00000000                __vectors_start__ = ABSOLUTE (.)
 *(SORT_BY_ALIGNMENT(.isr_vector))
 .isr_vector    0x00000000       0xc0 ./startup/startup_mkl25z4.o
                0x00000000                g_pfnVectors
                0x00000000                __Vectors
                0x000000c0                . = ALIGN (0x4)
                0x000000c0                __section_table_start = .
                0x000000c0                __data_section_table = .
                0x000000c0        0x4 LONG 0x226c LOADADDR (.data)
                0x000000c4        0x4 LONG 0x1ffff080 ADDR (.data)
                0x000000c8        0x4 LONG 0x14 SIZEOF (.data)
                0x000000cc                __data_section_table_end = .
                0x000000cc                __bss_section_table = .
                0x000000cc        0x4 LONG 0x1ffff094 ADDR (.bss)
                0x000000d0        0x4 LONG 0x120 SIZEOF (.bss)
                0x000000d4                __bss_section_table_end = .
                0x000000d4                __section_table_end = .
 *(SORT_BY_ALIGNMENT(.after_vectors*))
 .after_vectors.reset
                0x000000d4       0x44 ./startup/startup_mkl25z4.o
                0x000000d4                ResetISR
 .after_vectors
                0x00000118      0x10c ./startup/startup_mkl25z4.o
                0x00000118                NMI_Handler
                0x0000011c                SVC_Handler
                0x0000011e                PendSV_Handler
                0x00000122                SPI1_DriverIRQHandler
                0x00000122                LPTMR0_DriverIRQHandler
                0x00000122                DMA0_DriverIRQHandler
                0x00000122                I2C0_DriverIRQHandler
                0x00000122                Reserved39_DriverIRQHandler
                0x00000122                PORTD_DriverIRQHandler
                0x00000122                DMA2_DriverIRQHandler
                0x00000122                CMP0_DriverIRQHandler
                0x00000122                TPM2_DriverIRQHandler
                0x00000122                ADC0_DriverIRQHandler
                0x00000122                SPI0_DriverIRQHandler
                0x00000122                TSI0_DriverIRQHandler
                0x00000122                RTC_Seconds_DriverIRQHandler
                0x00000122                I2C1_DriverIRQHandler
                0x00000122                DMA1_DriverIRQHandler
                0x00000122                LLWU_DriverIRQHandler
                0x00000122                MCG_DriverIRQHandler
                0x00000122                PIT_DriverIRQHandler
                0x00000122                RTC_DriverIRQHandler
                0x00000122                TPM1_DriverIRQHandler
                0x00000122                FTFA_DriverIRQHandler
                0x00000122                IntDefaultHandler
                0x00000122                USB0_DriverIRQHandler
                0x00000122                DAC0_DriverIRQHandler
                0x00000122                PORTA_DriverIRQHandler
                0x00000122                LVD_LVW_DriverIRQHandler
                0x00000122                TPM0_DriverIRQHandler
                0x00000122                Reserved45_DriverIRQHandler
                0x00000122                DMA3_DriverIRQHandler
                0x00000122                Reserved20_DriverIRQHandler
                0x00000124                DMA0_IRQHandler
                0x0000012c                DMA1_IRQHandler
                0x00000134                DMA2_IRQHandler
                0x0000013c                DMA3_IRQHandler
                0x00000144                Reserved20_IRQHandler
                0x0000014c                FTFA_IRQHandler
                0x00000154                LVD_LVW_IRQHandler
                0x0000015c                LLWU_IRQHandler
                0x00000164                I2C0_IRQHandler
                0x0000016c                I2C1_IRQHandler
                0x00000174                SPI0_IRQHandler
                0x0000017c                SPI1_IRQHandler
                0x00000184                UART0_IRQHandler
                0x0000018c                UART1_IRQHandler
                0x00000194                UART2_IRQHandler
                0x0000019c                ADC0_IRQHandler
                0x000001a4                CMP0_IRQHandler
                0x000001ac                TPM0_IRQHandler
                0x000001b4                TPM1_IRQHandler
                0x000001bc                TPM2_IRQHandler
                0x000001c4                RTC_IRQHandler
                0x000001cc                RTC_Seconds_IRQHandler
                0x000001d4                PIT_IRQHandler
                0x000001dc                Reserved39_IRQHandler
                0x000001e4                USB0_IRQHandler
                0x000001ec                DAC0_IRQHandler
                0x000001f4                TSI0_IRQHandler
                0x000001fc                MCG_IRQHandler
                0x00000204                LPTMR0_IRQHandler
                0x0000020c                Reserved45_IRQHandler
                0x00000214                PORTA_IRQHandler
                0x0000021c                PORTD_IRQHandler
 .after_vectors.init_data
                0x00000224       0x16 ./startup/startup_mkl25z4.o
                0x00000224                data_init
 .after_vectors.init_bss
                0x0000023a       0x14 ./startup/startup_mkl25z4.o
                0x0000023a                bss_init
                0x00000400                . = 0x400
 *fill*         0x0000024e      0x1b2 ff
                0x00000400                PROVIDE (__FLASH_CONFIG_START__ = .)
 *(SORT_BY_ALIGNMENT(.FlashConfig))
 .FlashConfig   0x00000400       0x10 ./startup/startup_mkl25z4.o
                0x00000400                Flash_Config
                0x00000410                PROVIDE (__FLASH_CONFIG_END__ = .)
                0x00000001                ASSERT (! ((__FLASH_CONFIG_START__ == __FLASH_CONFIG_END__)), Linker Flash Config Support Enabled, but no .FlashConfig section provided within application)
 *(SORT_BY_ALIGNMENT(.text*))
 .text.DbgConsole_Putchar
                0x00000410       0x24 ./utilities/fsl_debug_console.o
                0x00000410                DbgConsole_Putchar
 .text.DbgConsole_Init
                0x00000434       0x9c ./utilities/fsl_debug_console.o
                0x00000434                DbgConsole_Init
 .text.DbgConsole_Printf
                0x000004d0      0x298 ./utilities/fsl_debug_console.o
                0x000004d0                DbgConsole_Printf
 .text.startup.main
                0x00000768       0x70 ./source/Assignment4_Buffahiti.o
                0x00000768                main
 .text.Touch_Init
                0x000007d8       0x24 ./source/TSI.o
                0x000007d8                Touch_Init
 .text.Touch_Scan_LH
                0x000007fc       0x48 ./source/TSI.o
                0x000007fc                Touch_Scan_LH
 .text.init_systick
                0x00000844       0x2c ./source/Timer.o
                0x00000844                init_systick
 .text.reset_timer
                0x00000870       0x18 ./source/Timer.o
                0x00000870                reset_timer
 .text.get_timer
                0x00000888       0x14 ./source/Timer.o
                0x00000888                get_timer
 .text.SysTick_Handler
                0x0000089c       0x10 ./source/Timer.o
                0x0000089c                SysTick_Handler
 .text.set_RGB_LED
                0x000008ac       0x14 ./source/led.o
                0x000008ac                set_RGB_LED
 .text.Init_Red_LED_PWM
                0x000008c0       0x84 ./source/pwm.o
                0x000008c0                Init_Red_LED_PWM
 .text.Init_Green_LED_PWM
                0x00000944       0x84 ./source/pwm.o
                0x00000944                Init_Green_LED_PWM
 .text.Init_Blue_LED_PWM
                0x000009c8       0x84 ./source/pwm.o
                0x000009c8                Init_Blue_LED_PWM
 .text.HardFault_Handler
                0x00000a4c       0x2c ./source/semihost_hardfault.o
                0x00000a4c                HardFault_Handler
 .text.transition
                0x00000a78       0xb4 ./source/state_machine.o
                0x00000a78                transition
 .text.stop_state
                0x00000b2c      0x140 ./source/state_machine.o
                0x00000b2c                stop_state
 .text.go_state
                0x00000c6c      0x140 ./source/state_machine.o
                0x00000c6c                go_state
 .text.warning_state
                0x00000dac      0x140 ./source/state_machine.o
                0x00000dac                warning_state
 .text.crosswalk_state
                0x00000eec      0x120 ./source/state_machine.o
                0x00000eec                crosswalk_state
 .text.CLOCK_GetFllExtRefClkFreq
                0x0000100c       0x3c ./drivers/fsl_clock.o
 .text.CLOCK_SetSimConfig
                0x00001048       0x4c ./drivers/fsl_clock.o
                0x00001048                CLOCK_SetSimConfig
 .text.CLOCK_GetFllFreq
                0x00001094       0x4c ./drivers/fsl_clock.o
                0x00001094                CLOCK_GetFllFreq
 .text.CLOCK_GetPll0Freq
                0x000010e0       0x34 ./drivers/fsl_clock.o
                0x000010e0                CLOCK_GetPll0Freq
 .text.CLOCK_GetPllFllSelClkFreq
                0x00001114       0x24 ./drivers/fsl_clock.o
                0x00001114                CLOCK_GetPllFllSelClkFreq
 .text.CLOCK_SetInternalRefClkConfig
                0x00001138       0x74 ./drivers/fsl_clock.o
                0x00001138                CLOCK_SetInternalRefClkConfig
 .text.CLOCK_EnablePll0
                0x000011ac       0x30 ./drivers/fsl_clock.o
                0x000011ac                CLOCK_EnablePll0
 .text.CLOCK_InitOsc0
                0x000011dc       0x68 ./drivers/fsl_clock.o
                0x000011dc                CLOCK_InitOsc0
 .text.CLOCK_SetPbeMode
                0x00001244       0x50 ./drivers/fsl_clock.o
                0x00001244                CLOCK_SetPbeMode
 .text.CLOCK_BootToPeeMode
                0x00001294       0x2c ./drivers/fsl_clock.o
                0x00001294                CLOCK_BootToPeeMode
 .text.LPSCI_Init
                0x000012c0      0x12c ./drivers/fsl_lpsci.o
                0x000012c0                LPSCI_Init
 .text.LPSCI_ClearStatusFlags
                0x000013ec       0x54 ./drivers/fsl_lpsci.o
                0x000013ec                LPSCI_ClearStatusFlags
 .text.LPSCI_ReadBlocking
                0x00001440       0x78 ./drivers/fsl_lpsci.o
                0x00001440                LPSCI_ReadBlocking
 .text.UART0_DriverIRQHandler
                0x000014b8       0x1c ./drivers/fsl_lpsci.o
                0x000014b8                UART0_DriverIRQHandler
 .text.UART_GetInstance
                0x000014d4       0x24 ./drivers/fsl_uart.o
                0x000014d4                UART_GetInstance
 .text.UART_Init
                0x000014f8       0xe4 ./drivers/fsl_uart.o
                0x000014f8                UART_Init
 .text.UART_ReadBlocking
                0x000015dc       0x60 ./drivers/fsl_uart.o
                0x000015dc                UART_ReadBlocking
 .text.UART1_DriverIRQHandler
                0x0000163c       0x1c ./drivers/fsl_uart.o
                0x0000163c                UART1_DriverIRQHandler
 .text.UART2_DriverIRQHandler
                0x00001658       0x1c ./drivers/fsl_uart.o
                0x00001658                UART2_DriverIRQHandler
 .text.BOARD_InitDebugConsole
                0x00001674       0x38 ./board/board.o
                0x00001674                BOARD_InitDebugConsole
 .text.BOARD_BootClockRUN
                0x000016ac       0x70 ./board/clock_config.o
                0x000016ac                BOARD_BootClockRUN
 .text.BOARD_InitPins
                0x0000171c       0x44 ./board/pin_mux.o
                0x0000171c                BOARD_InitPins
 .text.SystemInit
                0x00001760       0x10 ./CMSIS/system_MKL25Z4.o
                0x00001760                SystemInit
 .text._initio  0x00001770       0x7c c:/nxp/mcuxpressoide_11.2.0_4120/ide/plugins/com.nxp.mcuxpresso.tools.win32_11.2.0.202001021529/tools/bin/../lib/gcc/arm-none-eabi/9.2.1/../../../../arm-none-eabi/lib/thumb/v6-m/nofp\libcr_c.a(initio.o)
                0x00001770                _initio
 .text.setvbuf  0x000017ec       0x4c c:/nxp/mcuxpressoide_11.2.0_4120/ide/plugins/com.nxp.mcuxpresso.tools.win32_11.2.0.202001021529/tools/bin/../lib/gcc/arm-none-eabi/9.2.1/../../../../arm-none-eabi/lib/thumb/v6-m/nofp\libcr_c.a(setvbuf.o)
                0x000017ec                setvbuf
 .text.strlen   0x00001838       0x58 c:/nxp/mcuxpressoide_11.2.0_4120/ide/plugins/com.nxp.mcuxpresso.tools.win32_11.2.0.202001021529/tools/bin/../lib/gcc/arm-none-eabi/9.2.1/../../../../arm-none-eabi/lib/thumb/v6-m/nofp\libcr_c.a(strlen.o)
                0x00001838                strlen
 .text._fdopen  0x00001890       0x74 c:/nxp/mcuxpressoide_11.2.0_4120/ide/plugins/com.nxp.mcuxpresso.tools.win32_11.2.0.202001021529/tools/bin/../lib/gcc/arm-none-eabi/9.2.1/../../../../arm-none-eabi/lib/thumb/v6-m/nofp\libcr_c.a(_fdopen.o)
                0x00001890                _fdopen
 .text.fclose   0x00001904       0x5c c:/nxp/mcuxpressoide_11.2.0_4120/ide/plugins/com.nxp.mcuxpresso.tools.win32_11.2.0.202001021529/tools/bin/../lib/gcc/arm-none-eabi/9.2.1/../../../../arm-none-eabi/lib/thumb/v6-m/nofp\libcr_c.a(fclose.o)
                0x00001904                fclose
 .text.fflush   0x00001960       0x44 c:/nxp/mcuxpressoide_11.2.0_4120/ide/plugins/com.nxp.mcuxpresso.tools.win32_11.2.0.202001021529/tools/bin/../lib/gcc/arm-none-eabi/9.2.1/../../../../arm-none-eabi/lib/thumb/v6-m/nofp\libcr_c.a(fflush.o)
                0x00001960                fflush
 .text.fseek    0x000019a4       0xf4 c:/nxp/mcuxpressoide_11.2.0_4120/ide/plugins/com.nxp.mcuxpresso.tools.win32_11.2.0.202001021529/tools/bin/../lib/gcc/arm-none-eabi/9.2.1/../../../../arm-none-eabi/lib/thumb/v6-m/nofp\libcr_c.a(fseek.o)
                0x000019a4                fseek
 .text.ftell    0x00001a98       0x48 c:/nxp/mcuxpressoide_11.2.0_4120/ide/plugins/com.nxp.mcuxpresso.tools.win32_11.2.0.202001021529/tools/bin/../lib/gcc/arm-none-eabi/9.2.1/../../../../arm-none-eabi/lib/thumb/v6-m/nofp\libcr_c.a(ftell.o)
                0x00001a98                ftell
 .text._do_fflush
                0x00001ae0       0x48 c:/nxp/mcuxpressoide_11.2.0_4120/ide/plugins/com.nxp.mcuxpresso.tools.win32_11.2.0.202001021529/tools/bin/../lib/gcc/arm-none-eabi/9.2.1/../../../../arm-none-eabi/lib/thumb/v6-m/nofp\libcr_c.a(_do_fflush.o)
                0x00001ae0                _do_fflush
 .text._fflush  0x00001b28       0x60 c:/nxp/mcuxpressoide_11.2.0_4120/ide/plugins/com.nxp.mcuxpresso.tools.win32_11.2.0.202001021529/tools/bin/../lib/gcc/arm-none-eabi/9.2.1/../../../../arm-none-eabi/lib/thumb/v6-m/nofp\libcr_c.a(_fflush.o)
                0x00001b28                _fflush
 .text._Cwritebuf
                0x00001b88       0x68 c:/nxp/mcuxpressoide_11.2.0_4120/ide/plugins/com.nxp.mcuxpresso.tools.win32_11.2.0.202001021529/tools/bin/../lib/gcc/arm-none-eabi/9.2.1/../../../../arm-none-eabi/lib/thumb/v6-m/nofp\libcr_c.a(_writebuf.o)
                0x00001b88                _Cwritebuf
 .text._deferredlazyseek
                0x00001bf0       0x40 c:/nxp/mcuxpressoide_11.2.0_4120/ide/plugins/com.nxp.mcuxpresso.tools.win32_11.2.0.202001021529/tools/bin/../lib/gcc/arm-none-eabi/9.2.1/../../../../arm-none-eabi/lib/thumb/v6-m/nofp\libcr_c.a(_deferredlazyseek.o)
                0x00001bf0                _deferredlazyseek
 .text.__aeabi_fsub
                0x00001c30      0x124 c:/nxp/mcuxpressoide_11.2.0_4120/ide/plugins/com.nxp.mcuxpresso.tools.win32_11.2.0.202001021529/tools/bin/../lib/gcc/arm-none-eabi/9.2.1/thumb/v6-m/nofp\libcr_eabihelpers.a(float.o)
                0x00001c30                __aeabi_fsub
 .text.__aeabi_fadd
                0x00001d54       0xac c:/nxp/mcuxpressoide_11.2.0_4120/ide/plugins/com.nxp.mcuxpresso.tools.win32_11.2.0.202001021529/tools/bin/../lib/gcc/arm-none-eabi/9.2.1/thumb/v6-m/nofp\libcr_eabihelpers.a(float.o)
                0x00001d54                __aeabi_fadd
 .text.__aeabi_f2iz
                0x00001e00       0x3c c:/nxp/mcuxpressoide_11.2.0_4120/ide/plugins/com.nxp.mcuxpresso.tools.win32_11.2.0.202001021529/tools/bin/../lib/gcc/arm-none-eabi/9.2.1/thumb/v6-m/nofp\libcr_eabihelpers.a(float.o)
                0x00001e00                __aeabi_f2iz
 .text.LPSCI_GetDefaultConfig
                0x00001e3c        0xc ./drivers/fsl_lpsci.o
                0x00001e3c                LPSCI_GetDefaultConfig
 .text.LPSCI_WriteBlocking
                0x00001e48       0x18 ./drivers/fsl_lpsci.o
                0x00001e48                LPSCI_WriteBlocking
 .text.UART_GetDefaultConfig
                0x00001e60        0xc ./drivers/fsl_uart.o
                0x00001e60                UART_GetDefaultConfig
 .text.UART_WriteBlocking
                0x00001e6c       0x18 ./drivers/fsl_uart.o
                0x00001e6c                UART_WriteBlocking
 .text.BOARD_InitBootClocks
                0x00001e84        0x8 ./board/clock_config.o
                0x00001e84                BOARD_InitBootClocks
 .text.BOARD_InitBootPeripherals
                0x00001e8c        0x2 ./board/peripherals.o
                0x00001e8c                BOARD_InitBootPeripherals
 .text.BOARD_InitBootPins
                0x00001e8e        0x8 ./board/pin_mux.o
                0x00001e8e                BOARD_InitBootPins
 .text.__main   0x00001e96        0xc c:/nxp/mcuxpressoide_11.2.0_4120/ide/plugins/com.nxp.mcuxpresso.tools.win32_11.2.0.202001021529/tools/bin/../lib/gcc/arm-none-eabi/9.2.1/../../../../arm-none-eabi/lib/thumb/v6-m/nofp\libcr_nohost_nf.a(_cr__main.o)
                0x00001e96                __main
 .text.memset   0x00001ea2        0x8 c:/nxp/mcuxpressoide_11.2.0_4120/ide/plugins/com.nxp.mcuxpresso.tools.win32_11.2.0.202001021529/tools/bin/../lib/gcc/arm-none-eabi/9.2.1/../../../../arm-none-eabi/lib/thumb/v6-m/nofp\libcr_c.a(memset.o)
                0x00001ea2                memset
 .text.remove   0x00001eaa       0x12 c:/nxp/mcuxpressoide_11.2.0_4120/ide/plugins/com.nxp.mcuxpresso.tools.win32_11.2.0.202001021529/tools/bin/../lib/gcc/arm-none-eabi/9.2.1/../../../../arm-none-eabi/lib/thumb/v6-m/nofp\libcr_c.a(remove.o)
                0x00001eaa                remove
 .text.free     0x00001ebc       0x2c c:/nxp/mcuxpressoide_11.2.0_4120/ide/plugins/com.nxp.mcuxpresso.tools.win32_11.2.0.202001021529/tools/bin/../lib/gcc/arm-none-eabi/9.2.1/../../../../arm-none-eabi/lib/thumb/v6-m/nofp\libcr_c.a(alloc.o)
                0x00001ebc                free
 .text.__aeabi_division_idivmod
                0x00001ee8       0x78 c:/nxp/mcuxpressoide_11.2.0_4120/ide/plugins/com.nxp.mcuxpresso.tools.win32_11.2.0.202001021529/tools/bin/../lib/gcc/arm-none-eabi/9.2.1/thumb/v6-m/nofp\libcr_eabihelpers.a(division_32.o)
                0x00001ee8                __aeabi_idivmod
                0x00001ee8                __aeabi_idiv
                0x00001eee                __aeabi_uidivmod
                0x00001eee                __aeabi_uidiv
 .text.__aeabi_division_idiv0
                0x00001f60        0x2 c:/nxp/mcuxpressoide_11.2.0_4120/ide/plugins/com.nxp.mcuxpresso.tools.win32_11.2.0.202001021529/tools/bin/../lib/gcc/arm-none-eabi/9.2.1/thumb/v6-m/nofp\libcr_eabihelpers.a(division_idiv0.o)
                0x00001f60                __aeabi_idiv0
 .text.__bhs_ui2f
                0x00001f62       0x62 c:/nxp/mcuxpressoide_11.2.0_4120/ide/plugins/com.nxp.mcuxpresso.tools.win32_11.2.0.202001021529/tools/bin/../lib/gcc/arm-none-eabi/9.2.1/thumb/v6-m/nofp\libcr_eabihelpers.a(float.o)
                0x00001f62                __bhs_ui2f
 .text.__aeabi_i2f
                0x00001fc4       0x18 c:/nxp/mcuxpressoide_11.2.0_4120/ide/plugins/com.nxp.mcuxpresso.tools.win32_11.2.0.202001021529/tools/bin/../lib/gcc/arm-none-eabi/9.2.1/thumb/v6-m/nofp\libcr_eabihelpers.a(float.o)
                0x00001fc4                __aeabi_i2f
 .text.__aeabi_ui2f
                0x00001fdc        0xc c:/nxp/mcuxpressoide_11.2.0_4120/ide/plugins/com.nxp.mcuxpresso.tools.win32_11.2.0.202001021529/tools/bin/../lib/gcc/arm-none-eabi/9.2.1/thumb/v6-m/nofp\libcr_eabihelpers.a(float.o)
                0x00001fdc                __aeabi_ui2f
 .text.__aeabi_fcmpgt
                0x00001fe8       0x3e c:/nxp/mcuxpressoide_11.2.0_4120/ide/plugins/com.nxp.mcuxpresso.tools.win32_11.2.0.202001021529/tools/bin/../lib/gcc/arm-none-eabi/9.2.1/thumb/v6-m/nofp\libcr_eabihelpers.a(float.o)
                0x00001fe8                __aeabi_fcmpgt
 .text.__aeabi_fcmple
                0x00002026       0x44 c:/nxp/mcuxpressoide_11.2.0_4120/ide/plugins/com.nxp.mcuxpresso.tools.win32_11.2.0.202001021529/tools/bin/../lib/gcc/arm-none-eabi/9.2.1/thumb/v6-m/nofp\libcr_eabihelpers.a(float.o)
                0x00002026                __aeabi_fcmple
 .text.__aeabi_memset_lowlevel
                0x0000206a       0x2a c:/nxp/mcuxpressoide_11.2.0_4120/ide/plugins/com.nxp.mcuxpresso.tools.win32_11.2.0.202001021529/tools/bin/../lib/gcc/arm-none-eabi/9.2.1/thumb/v6-m/nofp\libcr_eabihelpers.a(memcpy.o)
                0x0000206a                __aeabi_lowlevel_memset
 .text.__sys_close
                0x00002094        0x6 c:/nxp/mcuxpressoide_11.2.0_4120/ide/plugins/com.nxp.mcuxpresso.tools.win32_11.2.0.202001021529/tools/bin/../lib/gcc/arm-none-eabi/9.2.1/../../../../arm-none-eabi/lib/thumb/v6-m/nofp\libcr_nohost_nf.a(__sys_close.o)
                0x00002094                __sys_close
 .text.__sys_flen
                0x0000209a        0x6 c:/nxp/mcuxpressoide_11.2.0_4120/ide/plugins/com.nxp.mcuxpresso.tools.win32_11.2.0.202001021529/tools/bin/../lib/gcc/arm-none-eabi/9.2.1/../../../../arm-none-eabi/lib/thumb/v6-m/nofp\libcr_nohost_nf.a(__sys_flen.o)
                0x0000209a                __sys_flen
 .text.__sys_istty
                0x000020a0        0x6 c:/nxp/mcuxpressoide_11.2.0_4120/ide/plugins/com.nxp.mcuxpresso.tools.win32_11.2.0.202001021529/tools/bin/../lib/gcc/arm-none-eabi/9.2.1/../../../../arm-none-eabi/lib/thumb/v6-m/nofp\libcr_nohost_nf.a(__sys_istty.o)
                0x000020a0                __sys_istty
 .text.__sys_remove
                0x000020a6        0x6 c:/nxp/mcuxpressoide_11.2.0_4120/ide/plugins/com.nxp.mcuxpresso.tools.win32_11.2.0.202001021529/tools/bin/../lib/gcc/arm-none-eabi/9.2.1/../../../../arm-none-eabi/lib/thumb/v6-m/nofp\libcr_nohost_nf.a(__sys_remove.o)
                0x000020a6                __sys_remove
 .text.__sys_seek
                0x000020ac        0x6 c:/nxp/mcuxpressoide_11.2.0_4120/ide/plugins/com.nxp.mcuxpresso.tools.win32_11.2.0.202001021529/tools/bin/../lib/gcc/arm-none-eabi/9.2.1/../../../../arm-none-eabi/lib/thumb/v6-m/nofp\libcr_nohost_nf.a(__sys_seek.o)
                0x000020ac                __sys_seek
 .text.__sys_tmpnam
                0x000020b2        0x6 c:/nxp/mcuxpressoide_11.2.0_4120/ide/plugins/com.nxp.mcuxpresso.tools.win32_11.2.0.202001021529/tools/bin/../lib/gcc/arm-none-eabi/9.2.1/../../../../arm-none-eabi/lib/thumb/v6-m/nofp\libcr_nohost_nf.a(__sys_tmpnam.o)
                0x000020b2                __sys_tmpnam
 .text.__sys_write
                0x000020b8        0x4 c:/nxp/mcuxpressoide_11.2.0_4120/ide/plugins/com.nxp.mcuxpresso.tools.win32_11.2.0.202001021529/tools/bin/../lib/gcc/arm-none-eabi/9.2.1/../../../../arm-none-eabi/lib/thumb/v6-m/nofp\libcr_nohost_nf.a(__sys_write.o)
                0x000020b8                __sys_write
 *(SORT_BY_ALIGNMENT(.rodata) SORT_BY_ALIGNMENT(.rodata.*) SORT_BY_ALIGNMENT(.constdata) SORT_BY_ALIGNMENT(.constdata.*))
 .rodata.s_uartClock
                0x000020bc        0xc ./drivers/fsl_uart.o
 .rodata.oscConfig_BOARD_BootClockRUN
                0x000020c8        0x8 ./board/clock_config.o
                0x000020c8                oscConfig_BOARD_BootClockRUN
 .rodata.simConfig_BOARD_BootClockRUN
                0x000020d0        0x8 ./board/clock_config.o
                0x000020d0                simConfig_BOARD_BootClockRUN
 .rodata.__num_Ciob_streams
                0x000020d8        0x4 c:/nxp/mcuxpressoide_11.2.0_4120/ide/plugins/com.nxp.mcuxpresso.tools.win32_11.2.0.202001021529/tools/bin/../lib/gcc/arm-none-eabi/9.2.1/../../../../arm-none-eabi/lib/thumb/v6-m/nofp\libcr_nohost_nf.a(__ciob.o)
                0x000020d8                __num_Ciob_streams
 .rodata.fllFactorTable.5210
                0x000020dc       0x10 ./drivers/fsl_clock.o
 .rodata.main.str1.1
                0x000020ec        0xe ./source/Assignment4_Buffahiti.o
 .rodata.stop_state.str1.1
                0x000020fa       0x59 ./source/state_machine.o
 .rodata.go_state.str1.1
                0x00002153       0x5a ./source/state_machine.o
 .rodata.warning_state.str1.1
                0x000021ad       0x61 ./source/state_machine.o
 .rodata.crosswalk_state.str1.1
                0x0000220e       0x4d ./source/state_machine.o
 .rodata.mcgConfig_BOARD_BootClockRUN
                0x0000225b        0xa ./board/clock_config.o
                0x0000225b                mcgConfig_BOARD_BootClockRUN
 .rodata._initio.str1.1
                0x00002265        0x4 c:/nxp/mcuxpressoide_11.2.0_4120/ide/plugins/com.nxp.mcuxpresso.tools.win32_11.2.0.202001021529/tools/bin/../lib/gcc/arm-none-eabi/9.2.1/../../../../arm-none-eabi/lib/thumb/v6-m/nofp\libcr_c.a(initio.o)
                0x0000226c                . = ALIGN (0x4)
 *fill*         0x00002269        0x3 ff

.glue_7         0x0000226c        0x0
 .glue_7        0x0000226c        0x0 linker stubs

.glue_7t        0x0000226c        0x0
 .glue_7t       0x0000226c        0x0 linker stubs

.vfp11_veneer   0x0000226c        0x0
 .vfp11_veneer  0x0000226c        0x0 linker stubs

.v4_bx          0x0000226c        0x0
 .v4_bx         0x0000226c        0x0 linker stubs

.iplt           0x0000226c        0x0
 .iplt          0x0000226c        0x0 ./utilities/fsl_debug_console.o

.rel.dyn        0x0000226c        0x0
 .rel.iplt      0x0000226c        0x0 ./utilities/fsl_debug_console.o

.ARM.extab
 *(SORT_BY_ALIGNMENT(.ARM.extab*) SORT_BY_ALIGNMENT(.gnu.linkonce.armextab.*))

.ARM.exidx      0x0000226c        0x0
                0x0000226c                __exidx_start = .
 *(SORT_BY_ALIGNMENT(.ARM.exidx*) SORT_BY_ALIGNMENT(.gnu.linkonce.armexidx.*))
                0x0000226c                __exidx_end = .
                0x0000226c                _etext = .

.m_usb_data
 *(SORT_BY_ALIGNMENT(m_usb_bdt))

.mtb_buffer_default
                0x1ffff000       0x80
 *(SORT_BY_ALIGNMENT(.mtb*))
 .mtb.$RAM1     0x1ffff000       0x80 ./source/mtb.o
                0x1ffff000                __mtb_buffer__

.uninit_RESERVED
                0x1ffff080        0x0
                0x1ffff080                _start_uninit_RESERVED = .
 *(SORT_BY_ALIGNMENT(.bss.$RESERVED*))
                0x1ffff080                . = ALIGN (0x4)
                0x1ffff080                _end_uninit_RESERVED = .

.data           0x1ffff080       0x14 load address 0x0000226c
 FILL mask 0xff
                0x1ffff080                _data = .
                [!provide]                PROVIDE (__start_data_RAM = .)
                [!provide]                PROVIDE (__start_data_SRAM = .)
 *(SORT_BY_ALIGNMENT(vtable))
 *(SORT_BY_ALIGNMENT(.ramfunc*))
 *(SORT_BY_ALIGNMENT(CodeQuickAccess))
 *(SORT_BY_ALIGNMENT(DataQuickAccess))
 *(SORT_BY_ALIGNMENT(RamFunction))
 *(SORT_BY_ALIGNMENT(.data*))
 .data.s_slowIrcFreq
                0x1ffff080        0x4 ./drivers/fsl_clock.o
 .data.SystemCoreClock
                0x1ffff084        0x4 ./CMSIS/system_MKL25Z4.o
                0x1ffff084                SystemCoreClock
 .data.crosswalk_color
                0x1ffff088        0x3 ./source/state_machine.o
                0x1ffff088                crosswalk_color
 .data.go_color
                0x1ffff08b        0x3 ./source/state_machine.o
                0x1ffff08b                go_color
 .data.stop_color
                0x1ffff08e        0x3 ./source/state_machine.o
                0x1ffff08e                stop_color
 .data.warning_color
                0x1ffff091        0x3 ./source/state_machine.o
                0x1ffff091                warning_color
                0x1ffff094                . = ALIGN (0x4)
                0x1ffff094                _edata = .
                [!provide]                PROVIDE (__end_data_RAM = .)
                [!provide]                PROVIDE (__end_data_SRAM = .)

.igot.plt       0x1ffff094        0x0 load address 0x00002280
 .igot.plt      0x1ffff094        0x0 ./utilities/fsl_debug_console.o

.bss            0x1ffff094      0x120
                0x1ffff094                _bss = .
                [!provide]                PROVIDE (__start_bss_RAM = .)
                [!provide]                PROVIDE (__start_bss_SRAM = .)
 *(SORT_BY_ALIGNMENT(.bss*))
 .bss.s_debugConsole
                0x1ffff094       0x10 ./utilities/fsl_debug_console.o
 .bss.slider_flag
                0x1ffff0a4        0x4 ./source/TSI.o
                0x1ffff0a4                slider_flag
 .bss.reset_tim_value
                0x1ffff0a8        0x4 ./source/Timer.o
                0x1ffff0a8                reset_tim_value
 .bss.timer_start
                0x1ffff0ac        0x4 ./source/Timer.o
                0x1ffff0ac                timer_start
 .bss.count_loop
                0x1ffff0b0        0x4 ./source/state_machine.o
                0x1ffff0b0                count_loop
 .bss.g_final_blue
                0x1ffff0b4        0x4 ./source/state_machine.o
                0x1ffff0b4                g_final_blue
 .bss.g_final_green
                0x1ffff0b8        0x4 ./source/state_machine.o
                0x1ffff0b8                g_final_green
 .bss.g_final_red
                0x1ffff0bc        0x4 ./source/state_machine.o
                0x1ffff0bc                g_final_red
 .bss.g_initial_blue
                0x1ffff0c0        0x4 ./source/state_machine.o
                0x1ffff0c0                g_initial_blue
 .bss.g_initial_green
                0x1ffff0c4        0x4 ./source/state_machine.o
                0x1ffff0c4                g_initial_green
 .bss.g_initial_red
                0x1ffff0c8        0x4 ./source/state_machine.o
                0x1ffff0c8                g_initial_red
 .bss.on_off_cycle
                0x1ffff0cc        0x4 ./source/state_machine.o
                0x1ffff0cc                on_off_cycle
 .bss.reset_timer_flag
                0x1ffff0d0        0x4 ./source/state_machine.o
                0x1ffff0d0                reset_timer_flag
 .bss.touch_event
                0x1ffff0d4        0x4 ./source/state_machine.o
                0x1ffff0d4                touch_event
 .bss.touch_val
                0x1ffff0d8        0x4 ./source/state_machine.o
                0x1ffff0d8                touch_val
 .bss.g_xtal0Freq
                0x1ffff0dc        0x4 ./drivers/fsl_clock.o
                0x1ffff0dc                g_xtal0Freq
 .bss.s_lpsciHandle
                0x1ffff0e0        0x4 ./drivers/fsl_lpsci.o
 .bss.s_lpsciIsr
                0x1ffff0e4        0x4 ./drivers/fsl_lpsci.o
 .bss.s_uartHandle
                0x1ffff0e8        0xc ./drivers/fsl_uart.o
 .bss.s_uartIsr
                0x1ffff0f4        0x4 ./drivers/fsl_uart.o
 .bss.errno     0x1ffff0f8        0x4 c:/nxp/mcuxpressoide_11.2.0_4120/ide/plugins/com.nxp.mcuxpresso.tools.win32_11.2.0.202001021529/tools/bin/../lib/gcc/arm-none-eabi/9.2.1/../../../../arm-none-eabi/lib/thumb/v6-m/nofp\libcr_c.a(errno.o)
                0x1ffff0f8                errno
 .bss.__Ciob    0x1ffff0fc       0xb4 c:/nxp/mcuxpressoide_11.2.0_4120/ide/plugins/com.nxp.mcuxpresso.tools.win32_11.2.0.202001021529/tools/bin/../lib/gcc/arm-none-eabi/9.2.1/../../../../arm-none-eabi/lib/thumb/v6-m/nofp\libcr_nohost_nf.a(__ciob.o)
                0x1ffff0fc                __Ciob
 .bss.state     0x1ffff1b0        0x1 ./source/Assignment4_Buffahiti.o
                0x1ffff1b0                state
 .bss.crosswalk_off
                0x1ffff1b1        0x3 ./source/state_machine.o
                0x1ffff1b1                crosswalk_off
 *(SORT_BY_ALIGNMENT(COMMON))
                0x1ffff1b4                . = ALIGN (0x4)
                0x1ffff1b4                _ebss = .
                [!provide]                PROVIDE (__end_bss_RAM = .)
                [!provide]                PROVIDE (__end_bss_SRAM = .)
                [!provide]                PROVIDE (end = .)

.noinit         0x1ffff1b4        0x0
                0x1ffff1b4                _noinit = .
                [!provide]                PROVIDE (__start_noinit_RAM = .)
                [!provide]                PROVIDE (__start_noinit_SRAM = .)
 *(SORT_BY_ALIGNMENT(.noinit*))
                0x1ffff1b4                . = ALIGN (0x4)
                0x1ffff1b4                _end_noinit = .
                [!provide]                PROVIDE (__end_noinit_RAM = .)
                [!provide]                PROVIDE (__end_noinit_SRAM = .)
                0x00000400                _HeapSize = 0x400

.heap           0x1ffff1b4      0x400
                0x1ffff1b4                _pvHeapStart = .
                0x1ffff5b4                . = (. + _HeapSize)
 *fill*         0x1ffff1b4      0x400 
                0x1ffff5b4                . = ALIGN (0x4)
                0x1ffff5b4                _pvHeapLimit = .
                0x00000400                _StackSize = 0x400

.heap2stackfill
                0x1ffff5b4      0x400
                0x1ffff9b4                . = (. + _StackSize)
 *fill*         0x1ffff5b4      0x400 

.stack          0x20002c00        0x0
                0x20002c00                _vStackBase = .
                0x20002c00                . = ALIGN (0x4)
                0x20003000                _vStackTop = (. + _StackSize)
                0x00000000                _image_start = LOADADDR (.text)
                0x00002280                _image_end = (LOADADDR (.data) + SIZEOF (.data))
                0x00002280                _image_size = (_image_end - _image_start)
OUTPUT(Assignment4_Buffahiti.axf elf32-littlearm)

.debug_info     0x00000000     0xc5c8
 .debug_info    0x00000000     0x14b1 ./utilities/fsl_debug_console.o
 .debug_info    0x000014b1      0x69d ./startup/startup_mkl25z4.o
 .debug_info    0x00001b4e      0x7ec ./source/Assignment4_Buffahiti.o
 .debug_info    0x0000233a      0x8fe ./source/TSI.o
 .debug_info    0x00002c38      0xace ./source/Timer.o
 .debug_info    0x00003706      0x61b ./source/led.o
 .debug_info    0x00003d21       0x4f ./source/mtb.o
 .debug_info    0x00003d70      0x8eb ./source/pwm.o
 .debug_info    0x0000465b       0x38 ./source/semihost_hardfault.o
 .debug_info    0x00004693      0xa49 ./source/state_machine.o
 .debug_info    0x000050dc     0x206b ./drivers/fsl_clock.o
 .debug_info    0x00007147     0x1b35 ./drivers/fsl_lpsci.o
 .debug_info    0x00008c7c     0x1aac ./drivers/fsl_uart.o
 .debug_info    0x0000a728      0x758 ./board/board.o
 .debug_info    0x0000ae80      0xc94 ./board/clock_config.o
 .debug_info    0x0000bb14       0x38 ./board/peripherals.o
 .debug_info    0x0000bb4c      0x63d ./board/pin_mux.o
 .debug_info    0x0000c189      0x43f ./CMSIS/system_MKL25Z4.o

.debug_abbrev   0x00000000     0x26a4
 .debug_abbrev  0x00000000      0x3d9 ./utilities/fsl_debug_console.o
 .debug_abbrev  0x000003d9      0x155 ./startup/startup_mkl25z4.o
 .debug_abbrev  0x0000052e      0x193 ./source/Assignment4_Buffahiti.o
 .debug_abbrev  0x000006c1      0x1c0 ./source/TSI.o
 .debug_abbrev  0x00000881      0x29b ./source/Timer.o
 .debug_abbrev  0x00000b1c      0x161 ./source/led.o
 .debug_abbrev  0x00000c7d       0x43 ./source/mtb.o
 .debug_abbrev  0x00000cc0      0x198 ./source/pwm.o
 .debug_abbrev  0x00000e58       0x2e ./source/semihost_hardfault.o
 .debug_abbrev  0x00000e86      0x1ca ./source/state_machine.o
 .debug_abbrev  0x00001050      0x4eb ./drivers/fsl_clock.o
 .debug_abbrev  0x0000153b      0x4a7 ./drivers/fsl_lpsci.o
 .debug_abbrev  0x000019e2      0x4a1 ./drivers/fsl_uart.o
 .debug_abbrev  0x00001e83      0x1e8 ./board/board.o
 .debug_abbrev  0x0000206b      0x2bb ./board/clock_config.o
 .debug_abbrev  0x00002326       0x2e ./board/peripherals.o
 .debug_abbrev  0x00002354      0x1fa ./board/pin_mux.o
 .debug_abbrev  0x0000254e      0x156 ./CMSIS/system_MKL25Z4.o

.debug_loc      0x00000000     0x5780
 .debug_loc     0x00000000     0x16a2 ./utilities/fsl_debug_console.o
 .debug_loc     0x000016a2      0x234 ./startup/startup_mkl25z4.o
 .debug_loc     0x000018d6       0x29 ./source/TSI.o
 .debug_loc     0x000018ff       0x74 ./source/Timer.o
 .debug_loc     0x00001973       0x6f ./source/pwm.o
 .debug_loc     0x000019e2      0x261 ./source/state_machine.o
 .debug_loc     0x00001c43     0x13f0 ./drivers/fsl_clock.o
 .debug_loc     0x00003033     0x1302 ./drivers/fsl_lpsci.o
 .debug_loc     0x00004335     0x1235 ./drivers/fsl_uart.o
 .debug_loc     0x0000556a       0x38 ./board/board.o
 .debug_loc     0x000055a2       0x7b ./board/clock_config.o
 .debug_loc     0x0000561d       0xaa ./board/pin_mux.o
 .debug_loc     0x000056c7       0xb9 ./CMSIS/system_MKL25Z4.o

.debug_aranges  0x00000000      0x710
 .debug_aranges
                0x00000000       0x50 ./utilities/fsl_debug_console.o
 .debug_aranges
                0x00000050      0x160 ./startup/startup_mkl25z4.o
 .debug_aranges
                0x000001b0       0x20 ./source/Assignment4_Buffahiti.o
 .debug_aranges
                0x000001d0       0x28 ./source/TSI.o
 .debug_aranges
                0x000001f8       0x48 ./source/Timer.o
 .debug_aranges
                0x00000240       0x20 ./source/led.o
 .debug_aranges
                0x00000260       0x18 ./source/mtb.o
 .debug_aranges
                0x00000278       0x30 ./source/pwm.o
 .debug_aranges
                0x000002a8       0x20 ./source/semihost_hardfault.o
 .debug_aranges
                0x000002c8       0x40 ./source/state_machine.o
 .debug_aranges
                0x00000308      0x170 ./drivers/fsl_clock.o
 .debug_aranges
                0x00000478       0xe0 ./drivers/fsl_lpsci.o
 .debug_aranges
                0x00000558       0xf8 ./drivers/fsl_uart.o
 .debug_aranges
                0x00000650       0x20 ./board/board.o
 .debug_aranges
                0x00000670       0x30 ./board/clock_config.o
 .debug_aranges
                0x000006a0       0x20 ./board/peripherals.o
 .debug_aranges
                0x000006c0       0x28 ./board/pin_mux.o
 .debug_aranges
                0x000006e8       0x28 ./CMSIS/system_MKL25Z4.o

.debug_ranges   0x00000000      0xa48
 .debug_ranges  0x00000000      0x158 ./utilities/fsl_debug_console.o
 .debug_ranges  0x00000158      0x150 ./startup/startup_mkl25z4.o
 .debug_ranges  0x000002a8       0x10 ./source/Assignment4_Buffahiti.o
 .debug_ranges  0x000002b8       0x18 ./source/TSI.o
 .debug_ranges  0x000002d0       0x78 ./source/Timer.o
 .debug_ranges  0x00000348       0x10 ./source/led.o
 .debug_ranges  0x00000358       0x20 ./source/pwm.o
 .debug_ranges  0x00000378       0x10 ./source/semihost_hardfault.o
 .debug_ranges  0x00000388       0x30 ./source/state_machine.o
 .debug_ranges  0x000003b8      0x2b8 ./drivers/fsl_clock.o
 .debug_ranges  0x00000670      0x130 ./drivers/fsl_lpsci.o
 .debug_ranges  0x000007a0      0x148 ./drivers/fsl_uart.o
 .debug_ranges  0x000008e8       0x28 ./board/board.o
 .debug_ranges  0x00000910       0xa8 ./board/clock_config.o
 .debug_ranges  0x000009b8       0x10 ./board/peripherals.o
 .debug_ranges  0x000009c8       0x68 ./board/pin_mux.o
 .debug_ranges  0x00000a30       0x18 ./CMSIS/system_MKL25Z4.o

.debug_line     0x00000000     0x73dc
 .debug_line    0x00000000      0xd3b ./utilities/fsl_debug_console.o
 .debug_line    0x00000d3b      0x3cb ./startup/startup_mkl25z4.o
 .debug_line    0x00001106      0x3cf ./source/Assignment4_Buffahiti.o
 .debug_line    0x000014d5      0x355 ./source/TSI.o
 .debug_line    0x0000182a      0x405 ./source/Timer.o
 .debug_line    0x00001c2f      0x2c8 ./source/led.o
 .debug_line    0x00001ef7       0x30 ./source/mtb.o
 .debug_line    0x00001f27      0x44e ./source/pwm.o
 .debug_line    0x00002375       0x5a ./source/semihost_hardfault.o
 .debug_line    0x000023cf      0x948 ./source/state_machine.o
 .debug_line    0x00002d17     0x1921 ./drivers/fsl_clock.o
 .debug_line    0x00004638     0x105c ./drivers/fsl_lpsci.o
 .debug_line    0x00005694     0x1031 ./drivers/fsl_uart.o
 .debug_line    0x000066c5      0x305 ./board/board.o
 .debug_line    0x000069ca      0x3c2 ./board/clock_config.o
 .debug_line    0x00006d8c       0x4b ./board/peripherals.o
 .debug_line    0x00006dd7      0x2fe ./board/pin_mux.o
 .debug_line    0x000070d5      0x307 ./CMSIS/system_MKL25Z4.o

.debug_str      0x00000000     0x3db7
 .debug_str     0x00000000      0xd44 ./utilities/fsl_debug_console.o
                                0xdc8 (size before relaxing)
 .debug_str     0x00000d44      0x3a1 ./startup/startup_mkl25z4.o
                                0x4fa (size before relaxing)
 .debug_str     0x000010e5      0x4e2 ./source/Assignment4_Buffahiti.o
                                0xbca (size before relaxing)
 .debug_str     0x000015c7      0x11e ./source/TSI.o
                                0xbd6 (size before relaxing)
 .debug_str     0x000016e5      0x2d2 ./source/Timer.o
                                0xdb4 (size before relaxing)
 .debug_str     0x000019b7       0x3f ./source/led.o
                                0x699 (size before relaxing)
 .debug_str     0x000019f6       0x1f ./source/mtb.o
                                0x172 (size before relaxing)
 .debug_str     0x00001a15       0x3b ./source/pwm.o
                                0x7a3 (size before relaxing)
 .debug_str     0x00001a50       0x1f ./source/semihost_hardfault.o
                                0x172 (size before relaxing)
 .debug_str     0x00001a6f       0xf8 ./source/state_machine.o
                                0xc50 (size before relaxing)
 .debug_str     0x00001b67      0xd0b ./drivers/fsl_clock.o
                               0x1813 (size before relaxing)
 .debug_str     0x00002872      0x957 ./drivers/fsl_lpsci.o
                               0x15e2 (size before relaxing)
 .debug_str     0x000031c9      0x7ed ./drivers/fsl_uart.o
                               0x15ee (size before relaxing)
 .debug_str     0x000039b6       0x35 ./board/board.o
                                0x6e6 (size before relaxing)
 .debug_str     0x000039eb      0x237 ./board/clock_config.o
                                0xe78 (size before relaxing)
 .debug_str     0x00003c22       0x17 ./board/peripherals.o
                                0x172 (size before relaxing)
 .debug_str     0x00003c39      0x13a ./board/pin_mux.o
                                0x603 (size before relaxing)
 .debug_str     0x00003d73       0x44 ./CMSIS/system_MKL25Z4.o
                                0x354 (size before relaxing)

.comment        0x00000000       0x79
 .comment       0x00000000       0x79 ./utilities/fsl_debug_console.o
                                 0x7a (size before relaxing)
 .comment       0x00000079       0x7a ./startup/startup_mkl25z4.o
 .comment       0x00000079       0x7a ./source/Assignment4_Buffahiti.o
 .comment       0x00000079       0x7a ./source/TSI.o
 .comment       0x00000079       0x7a ./source/Timer.o
 .comment       0x00000079       0x7a ./source/led.o
 .comment       0x00000079       0x7a ./source/mtb.o
 .comment       0x00000079       0x7a ./source/pwm.o
 .comment       0x00000079       0x7a ./source/semihost_hardfault.o
 .comment       0x00000079       0x7a ./source/state_machine.o
 .comment       0x00000079       0x7a ./drivers/fsl_clock.o
 .comment       0x00000079       0x7a ./drivers/fsl_lpsci.o
 .comment       0x00000079       0x7a ./drivers/fsl_uart.o
 .comment       0x00000079       0x7a ./board/board.o
 .comment       0x00000079       0x7a ./board/clock_config.o
 .comment       0x00000079       0x7a ./board/peripherals.o
 .comment       0x00000079       0x7a ./board/pin_mux.o
 .comment       0x00000079       0x7a ./CMSIS/system_MKL25Z4.o
 .comment       0x00000079       0x7a c:/nxp/mcuxpressoide_11.2.0_4120/ide/plugins/com.nxp.mcuxpresso.tools.win32_11.2.0.202001021529/tools/bin/../lib/gcc/arm-none-eabi/9.2.1/../../../../arm-none-eabi/lib/thumb/v6-m/nofp\libcr_nohost_nf.a(_cr__main.o)
 .comment       0x00000079       0x7a c:/nxp/mcuxpressoide_11.2.0_4120/ide/plugins/com.nxp.mcuxpresso.tools.win32_11.2.0.202001021529/tools/bin/../lib/gcc/arm-none-eabi/9.2.1/../../../../arm-none-eabi/lib/thumb/v6-m/nofp\libcr_c.a(memset.o)
 .comment       0x00000079       0x7a c:/nxp/mcuxpressoide_11.2.0_4120/ide/plugins/com.nxp.mcuxpresso.tools.win32_11.2.0.202001021529/tools/bin/../lib/gcc/arm-none-eabi/9.2.1/../../../../arm-none-eabi/lib/thumb/v6-m/nofp\libcr_c.a(initio.o)
 .comment       0x00000079       0x7a c:/nxp/mcuxpressoide_11.2.0_4120/ide/plugins/com.nxp.mcuxpresso.tools.win32_11.2.0.202001021529/tools/bin/../lib/gcc/arm-none-eabi/9.2.1/../../../../arm-none-eabi/lib/thumb/v6-m/nofp\libcr_c.a(setvbuf.o)
 .comment       0x00000079       0x7a c:/nxp/mcuxpressoide_11.2.0_4120/ide/plugins/com.nxp.mcuxpresso.tools.win32_11.2.0.202001021529/tools/bin/../lib/gcc/arm-none-eabi/9.2.1/../../../../arm-none-eabi/lib/thumb/v6-m/nofp\libcr_c.a(strlen.o)
 .comment       0x00000079       0x7a c:/nxp/mcuxpressoide_11.2.0_4120/ide/plugins/com.nxp.mcuxpresso.tools.win32_11.2.0.202001021529/tools/bin/../lib/gcc/arm-none-eabi/9.2.1/../../../../arm-none-eabi/lib/thumb/v6-m/nofp\libcr_c.a(_fdopen.o)
 .comment       0x00000079       0x7a c:/nxp/mcuxpressoide_11.2.0_4120/ide/plugins/com.nxp.mcuxpresso.tools.win32_11.2.0.202001021529/tools/bin/../lib/gcc/arm-none-eabi/9.2.1/../../../../arm-none-eabi/lib/thumb/v6-m/nofp\libcr_c.a(fclose.o)
 .comment       0x00000079       0x7a c:/nxp/mcuxpressoide_11.2.0_4120/ide/plugins/com.nxp.mcuxpresso.tools.win32_11.2.0.202001021529/tools/bin/../lib/gcc/arm-none-eabi/9.2.1/../../../../arm-none-eabi/lib/thumb/v6-m/nofp\libcr_c.a(fflush.o)
 .comment       0x00000079       0x7a c:/nxp/mcuxpressoide_11.2.0_4120/ide/plugins/com.nxp.mcuxpresso.tools.win32_11.2.0.202001021529/tools/bin/../lib/gcc/arm-none-eabi/9.2.1/../../../../arm-none-eabi/lib/thumb/v6-m/nofp\libcr_c.a(fseek.o)
 .comment       0x00000079       0x7a c:/nxp/mcuxpressoide_11.2.0_4120/ide/plugins/com.nxp.mcuxpresso.tools.win32_11.2.0.202001021529/tools/bin/../lib/gcc/arm-none-eabi/9.2.1/../../../../arm-none-eabi/lib/thumb/v6-m/nofp\libcr_c.a(ftell.o)
 .comment       0x00000079       0x7a c:/nxp/mcuxpressoide_11.2.0_4120/ide/plugins/com.nxp.mcuxpresso.tools.win32_11.2.0.202001021529/tools/bin/../lib/gcc/arm-none-eabi/9.2.1/../../../../arm-none-eabi/lib/thumb/v6-m/nofp\libcr_c.a(remove.o)
 .comment       0x00000079       0x7a c:/nxp/mcuxpressoide_11.2.0_4120/ide/plugins/com.nxp.mcuxpresso.tools.win32_11.2.0.202001021529/tools/bin/../lib/gcc/arm-none-eabi/9.2.1/../../../../arm-none-eabi/lib/thumb/v6-m/nofp\libcr_c.a(_do_fflush.o)
 .comment       0x00000079       0x7a c:/nxp/mcuxpressoide_11.2.0_4120/ide/plugins/com.nxp.mcuxpresso.tools.win32_11.2.0.202001021529/tools/bin/../lib/gcc/arm-none-eabi/9.2.1/../../../../arm-none-eabi/lib/thumb/v6-m/nofp\libcr_c.a(_fflush.o)
 .comment       0x00000079       0x7a c:/nxp/mcuxpressoide_11.2.0_4120/ide/plugins/com.nxp.mcuxpresso.tools.win32_11.2.0.202001021529/tools/bin/../lib/gcc/arm-none-eabi/9.2.1/../../../../arm-none-eabi/lib/thumb/v6-m/nofp\libcr_c.a(_writebuf.o)
 .comment       0x00000079       0x7a c:/nxp/mcuxpressoide_11.2.0_4120/ide/plugins/com.nxp.mcuxpresso.tools.win32_11.2.0.202001021529/tools/bin/../lib/gcc/arm-none-eabi/9.2.1/../../../../arm-none-eabi/lib/thumb/v6-m/nofp\libcr_c.a(alloc.o)
 .comment       0x00000079       0x7a c:/nxp/mcuxpressoide_11.2.0_4120/ide/plugins/com.nxp.mcuxpresso.tools.win32_11.2.0.202001021529/tools/bin/../lib/gcc/arm-none-eabi/9.2.1/../../../../arm-none-eabi/lib/thumb/v6-m/nofp\libcr_c.a(errno.o)
 .comment       0x00000079       0x7a c:/nxp/mcuxpressoide_11.2.0_4120/ide/plugins/com.nxp.mcuxpresso.tools.win32_11.2.0.202001021529/tools/bin/../lib/gcc/arm-none-eabi/9.2.1/../../../../arm-none-eabi/lib/thumb/v6-m/nofp\libcr_c.a(_deferredlazyseek.o)
 .comment       0x00000079       0x7a c:/nxp/mcuxpressoide_11.2.0_4120/ide/plugins/com.nxp.mcuxpresso.tools.win32_11.2.0.202001021529/tools/bin/../lib/gcc/arm-none-eabi/9.2.1/thumb/v6-m/nofp\libcr_eabihelpers.a(float.o)
 .comment       0x00000079       0x7a c:/nxp/mcuxpressoide_11.2.0_4120/ide/plugins/com.nxp.mcuxpresso.tools.win32_11.2.0.202001021529/tools/bin/../lib/gcc/arm-none-eabi/9.2.1/../../../../arm-none-eabi/lib/thumb/v6-m/nofp\libcr_nohost_nf.a(__ciob.o)
 .comment       0x00000079       0x7a c:/nxp/mcuxpressoide_11.2.0_4120/ide/plugins/com.nxp.mcuxpresso.tools.win32_11.2.0.202001021529/tools/bin/../lib/gcc/arm-none-eabi/9.2.1/../../../../arm-none-eabi/lib/thumb/v6-m/nofp\libcr_nohost_nf.a(__sys_close.o)
 .comment       0x00000079       0x7a c:/nxp/mcuxpressoide_11.2.0_4120/ide/plugins/com.nxp.mcuxpresso.tools.win32_11.2.0.202001021529/tools/bin/../lib/gcc/arm-none-eabi/9.2.1/../../../../arm-none-eabi/lib/thumb/v6-m/nofp\libcr_nohost_nf.a(__sys_flen.o)
 .comment       0x00000079       0x7a c:/nxp/mcuxpressoide_11.2.0_4120/ide/plugins/com.nxp.mcuxpresso.tools.win32_11.2.0.202001021529/tools/bin/../lib/gcc/arm-none-eabi/9.2.1/../../../../arm-none-eabi/lib/thumb/v6-m/nofp\libcr_nohost_nf.a(__sys_istty.o)
 .comment       0x00000079       0x7a c:/nxp/mcuxpressoide_11.2.0_4120/ide/plugins/com.nxp.mcuxpresso.tools.win32_11.2.0.202001021529/tools/bin/../lib/gcc/arm-none-eabi/9.2.1/../../../../arm-none-eabi/lib/thumb/v6-m/nofp\libcr_nohost_nf.a(__sys_remove.o)
 .comment       0x00000079       0x7a c:/nxp/mcuxpressoide_11.2.0_4120/ide/plugins/com.nxp.mcuxpresso.tools.win32_11.2.0.202001021529/tools/bin/../lib/gcc/arm-none-eabi/9.2.1/../../../../arm-none-eabi/lib/thumb/v6-m/nofp\libcr_nohost_nf.a(__sys_seek.o)
 .comment       0x00000079       0x7a c:/nxp/mcuxpressoide_11.2.0_4120/ide/plugins/com.nxp.mcuxpresso.tools.win32_11.2.0.202001021529/tools/bin/../lib/gcc/arm-none-eabi/9.2.1/../../../../arm-none-eabi/lib/thumb/v6-m/nofp\libcr_nohost_nf.a(__sys_tmpnam.o)
 .comment       0x00000079       0x7a c:/nxp/mcuxpressoide_11.2.0_4120/ide/plugins/com.nxp.mcuxpresso.tools.win32_11.2.0.202001021529/tools/bin/../lib/gcc/arm-none-eabi/9.2.1/../../../../arm-none-eabi/lib/thumb/v6-m/nofp\libcr_nohost_nf.a(__sys_write.o)

.ARM.attributes
                0x00000000       0x2a
 .ARM.attributes
                0x00000000       0x2c ./utilities/fsl_debug_console.o
 .ARM.attributes
                0x0000002c       0x2c ./startup/startup_mkl25z4.o
 .ARM.attributes
                0x00000058       0x2c ./source/Assignment4_Buffahiti.o
 .ARM.attributes
                0x00000084       0x2c ./source/TSI.o
 .ARM.attributes
                0x000000b0       0x2c ./source/Timer.o
 .ARM.attributes
                0x000000dc       0x2c ./source/led.o
 .ARM.attributes
                0x00000108       0x32 ./source/mtb.o
 .ARM.attributes
                0x0000013a       0x2c ./source/pwm.o
 .ARM.attributes
                0x00000166       0x2c ./source/semihost_hardfault.o
 .ARM.attributes
                0x00000192       0x2c ./source/state_machine.o
 .ARM.attributes
                0x000001be       0x2c ./drivers/fsl_clock.o
 .ARM.attributes
                0x000001ea       0x2c ./drivers/fsl_lpsci.o
 .ARM.attributes
                0x00000216       0x2c ./drivers/fsl_uart.o
 .ARM.attributes
                0x00000242       0x2c ./board/board.o
 .ARM.attributes
                0x0000026e       0x2c ./board/clock_config.o
 .ARM.attributes
                0x0000029a       0x2c ./board/peripherals.o
 .ARM.attributes
                0x000002c6       0x2c ./board/pin_mux.o
 .ARM.attributes
                0x000002f2       0x2c ./CMSIS/system_MKL25Z4.o
 .ARM.attributes
                0x0000031e       0x2c c:/nxp/mcuxpressoide_11.2.0_4120/ide/plugins/com.nxp.mcuxpresso.tools.win32_11.2.0.202001021529/tools/bin/../lib/gcc/arm-none-eabi/9.2.1/../../../../arm-none-eabi/lib/thumb/v6-m/nofp\libcr_nohost_nf.a(_cr__main.o)
 .ARM.attributes
                0x0000034a       0x2c c:/nxp/mcuxpressoide_11.2.0_4120/ide/plugins/com.nxp.mcuxpresso.tools.win32_11.2.0.202001021529/tools/bin/../lib/gcc/arm-none-eabi/9.2.1/../../../../arm-none-eabi/lib/thumb/v6-m/nofp\libcr_c.a(memset.o)
 .ARM.attributes
                0x00000376       0x2c c:/nxp/mcuxpressoide_11.2.0_4120/ide/plugins/com.nxp.mcuxpresso.tools.win32_11.2.0.202001021529/tools/bin/../lib/gcc/arm-none-eabi/9.2.1/../../../../arm-none-eabi/lib/thumb/v6-m/nofp\libcr_c.a(initio.o)
 .ARM.attributes
                0x000003a2       0x2c c:/nxp/mcuxpressoide_11.2.0_4120/ide/plugins/com.nxp.mcuxpresso.tools.win32_11.2.0.202001021529/tools/bin/../lib/gcc/arm-none-eabi/9.2.1/../../../../arm-none-eabi/lib/thumb/v6-m/nofp\libcr_c.a(setvbuf.o)
 .ARM.attributes
                0x000003ce       0x2c c:/nxp/mcuxpressoide_11.2.0_4120/ide/plugins/com.nxp.mcuxpresso.tools.win32_11.2.0.202001021529/tools/bin/../lib/gcc/arm-none-eabi/9.2.1/../../../../arm-none-eabi/lib/thumb/v6-m/nofp\libcr_c.a(strlen.o)
 .ARM.attributes
                0x000003fa       0x2c c:/nxp/mcuxpressoide_11.2.0_4120/ide/plugins/com.nxp.mcuxpresso.tools.win32_11.2.0.202001021529/tools/bin/../lib/gcc/arm-none-eabi/9.2.1/../../../../arm-none-eabi/lib/thumb/v6-m/nofp\libcr_c.a(_fdopen.o)
 .ARM.attributes
                0x00000426       0x2c c:/nxp/mcuxpressoide_11.2.0_4120/ide/plugins/com.nxp.mcuxpresso.tools.win32_11.2.0.202001021529/tools/bin/../lib/gcc/arm-none-eabi/9.2.1/../../../../arm-none-eabi/lib/thumb/v6-m/nofp\libcr_c.a(fclose.o)
 .ARM.attributes
                0x00000452       0x2c c:/nxp/mcuxpressoide_11.2.0_4120/ide/plugins/com.nxp.mcuxpresso.tools.win32_11.2.0.202001021529/tools/bin/../lib/gcc/arm-none-eabi/9.2.1/../../../../arm-none-eabi/lib/thumb/v6-m/nofp\libcr_c.a(fflush.o)
 .ARM.attributes
                0x0000047e       0x2c c:/nxp/mcuxpressoide_11.2.0_4120/ide/plugins/com.nxp.mcuxpresso.tools.win32_11.2.0.202001021529/tools/bin/../lib/gcc/arm-none-eabi/9.2.1/../../../../arm-none-eabi/lib/thumb/v6-m/nofp\libcr_c.a(fseek.o)
 .ARM.attributes
                0x000004aa       0x2c c:/nxp/mcuxpressoide_11.2.0_4120/ide/plugins/com.nxp.mcuxpresso.tools.win32_11.2.0.202001021529/tools/bin/../lib/gcc/arm-none-eabi/9.2.1/../../../../arm-none-eabi/lib/thumb/v6-m/nofp\libcr_c.a(ftell.o)
 .ARM.attributes
                0x000004d6       0x2c c:/nxp/mcuxpressoide_11.2.0_4120/ide/plugins/com.nxp.mcuxpresso.tools.win32_11.2.0.202001021529/tools/bin/../lib/gcc/arm-none-eabi/9.2.1/../../../../arm-none-eabi/lib/thumb/v6-m/nofp\libcr_c.a(remove.o)
 .ARM.attributes
                0x00000502       0x2c c:/nxp/mcuxpressoide_11.2.0_4120/ide/plugins/com.nxp.mcuxpresso.tools.win32_11.2.0.202001021529/tools/bin/../lib/gcc/arm-none-eabi/9.2.1/../../../../arm-none-eabi/lib/thumb/v6-m/nofp\libcr_c.a(_do_fflush.o)
 .ARM.attributes
                0x0000052e       0x2c c:/nxp/mcuxpressoide_11.2.0_4120/ide/plugins/com.nxp.mcuxpresso.tools.win32_11.2.0.202001021529/tools/bin/../lib/gcc/arm-none-eabi/9.2.1/../../../../arm-none-eabi/lib/thumb/v6-m/nofp\libcr_c.a(_fflush.o)
 .ARM.attributes
                0x0000055a       0x2c c:/nxp/mcuxpressoide_11.2.0_4120/ide/plugins/com.nxp.mcuxpresso.tools.win32_11.2.0.202001021529/tools/bin/../lib/gcc/arm-none-eabi/9.2.1/../../../../arm-none-eabi/lib/thumb/v6-m/nofp\libcr_c.a(_writebuf.o)
 .ARM.attributes
                0x00000586       0x2c c:/nxp/mcuxpressoide_11.2.0_4120/ide/plugins/com.nxp.mcuxpresso.tools.win32_11.2.0.202001021529/tools/bin/../lib/gcc/arm-none-eabi/9.2.1/../../../../arm-none-eabi/lib/thumb/v6-m/nofp\libcr_c.a(alloc.o)
 .ARM.attributes
                0x000005b2       0x31 c:/nxp/mcuxpressoide_11.2.0_4120/ide/plugins/com.nxp.mcuxpresso.tools.win32_11.2.0.202001021529/tools/bin/../lib/gcc/arm-none-eabi/9.2.1/../../../../arm-none-eabi/lib/thumb/v6-m/nofp\libcr_c.a(errno.o)
 .ARM.attributes
                0x000005e3       0x2c c:/nxp/mcuxpressoide_11.2.0_4120/ide/plugins/com.nxp.mcuxpresso.tools.win32_11.2.0.202001021529/tools/bin/../lib/gcc/arm-none-eabi/9.2.1/../../../../arm-none-eabi/lib/thumb/v6-m/nofp\libcr_c.a(_deferredlazyseek.o)
 .ARM.attributes
                0x0000060f       0x1c c:/nxp/mcuxpressoide_11.2.0_4120/ide/plugins/com.nxp.mcuxpresso.tools.win32_11.2.0.202001021529/tools/bin/../lib/gcc/arm-none-eabi/9.2.1/thumb/v6-m/nofp\libcr_eabihelpers.a(division_32.o)
 .ARM.attributes
                0x0000062b       0x1c c:/nxp/mcuxpressoide_11.2.0_4120/ide/plugins/com.nxp.mcuxpresso.tools.win32_11.2.0.202001021529/tools/bin/../lib/gcc/arm-none-eabi/9.2.1/thumb/v6-m/nofp\libcr_eabihelpers.a(division_idiv0.o)
 .ARM.attributes
                0x00000647       0x2c c:/nxp/mcuxpressoide_11.2.0_4120/ide/plugins/com.nxp.mcuxpresso.tools.win32_11.2.0.202001021529/tools/bin/../lib/gcc/arm-none-eabi/9.2.1/thumb/v6-m/nofp\libcr_eabihelpers.a(float.o)
 .ARM.attributes
                0x00000673       0x1c c:/nxp/mcuxpressoide_11.2.0_4120/ide/plugins/com.nxp.mcuxpresso.tools.win32_11.2.0.202001021529/tools/bin/../lib/gcc/arm-none-eabi/9.2.1/thumb/v6-m/nofp\libcr_eabihelpers.a(memcpy.o)
 .ARM.attributes
                0x0000068f       0x31 c:/nxp/mcuxpressoide_11.2.0_4120/ide/plugins/com.nxp.mcuxpresso.tools.win32_11.2.0.202001021529/tools/bin/../lib/gcc/arm-none-eabi/9.2.1/../../../../arm-none-eabi/lib/thumb/v6-m/nofp\libcr_nohost_nf.a(__ciob.o)
 .ARM.attributes
                0x000006c0       0x2c c:/nxp/mcuxpressoide_11.2.0_4120/ide/plugins/com.nxp.mcuxpresso.tools.win32_11.2.0.202001021529/tools/bin/../lib/gcc/arm-none-eabi/9.2.1/../../../../arm-none-eabi/lib/thumb/v6-m/nofp\libcr_nohost_nf.a(__sys_close.o)
 .ARM.attributes
                0x000006ec       0x2c c:/nxp/mcuxpressoide_11.2.0_4120/ide/plugins/com.nxp.mcuxpresso.tools.win32_11.2.0.202001021529/tools/bin/../lib/gcc/arm-none-eabi/9.2.1/../../../../arm-none-eabi/lib/thumb/v6-m/nofp\libcr_nohost_nf.a(__sys_flen.o)
 .ARM.attributes
                0x00000718       0x2c c:/nxp/mcuxpressoide_11.2.0_4120/ide/plugins/com.nxp.mcuxpresso.tools.win32_11.2.0.202001021529/tools/bin/../lib/gcc/arm-none-eabi/9.2.1/../../../../arm-none-eabi/lib/thumb/v6-m/nofp\libcr_nohost_nf.a(__sys_istty.o)
 .ARM.attributes
                0x00000744       0x2c c:/nxp/mcuxpressoide_11.2.0_4120/ide/plugins/com.nxp.mcuxpresso.tools.win32_11.2.0.202001021529/tools/bin/../lib/gcc/arm-none-eabi/9.2.1/../../../../arm-none-eabi/lib/thumb/v6-m/nofp\libcr_nohost_nf.a(__sys_remove.o)
 .ARM.attributes
                0x00000770       0x2c c:/nxp/mcuxpressoide_11.2.0_4120/ide/plugins/com.nxp.mcuxpresso.tools.win32_11.2.0.202001021529/tools/bin/../lib/gcc/arm-none-eabi/9.2.1/../../../../arm-none-eabi/lib/thumb/v6-m/nofp\libcr_nohost_nf.a(__sys_seek.o)
 .ARM.attributes
                0x0000079c       0x2c c:/nxp/mcuxpressoide_11.2.0_4120/ide/plugins/com.nxp.mcuxpresso.tools.win32_11.2.0.202001021529/tools/bin/../lib/gcc/arm-none-eabi/9.2.1/../../../../arm-none-eabi/lib/thumb/v6-m/nofp\libcr_nohost_nf.a(__sys_tmpnam.o)
 .ARM.attributes
                0x000007c8       0x2c c:/nxp/mcuxpressoide_11.2.0_4120/ide/plugins/com.nxp.mcuxpresso.tools.win32_11.2.0.202001021529/tools/bin/../lib/gcc/arm-none-eabi/9.2.1/../../../../arm-none-eabi/lib/thumb/v6-m/nofp\libcr_nohost_nf.a(__sys_write.o)

.debug_frame    0x00000000     0x1108
 .debug_frame   0x00000000       0xe0 ./utilities/fsl_debug_console.o
 .debug_frame   0x000000e0      0x3bc ./startup/startup_mkl25z4.o
 .debug_frame   0x0000049c       0x28 ./source/Assignment4_Buffahiti.o
 .debug_frame   0x000004c4       0x30 ./source/TSI.o
 .debug_frame   0x000004f4       0x80 ./source/Timer.o
 .debug_frame   0x00000574       0x20 ./source/led.o
 .debug_frame   0x00000594       0x58 ./source/pwm.o
 .debug_frame   0x000005ec       0x20 ./source/semihost_hardfault.o
 .debug_frame   0x0000060c       0xa8 ./source/state_machine.o
 .debug_frame   0x000006b4      0x45c ./drivers/fsl_clock.o
 .debug_frame   0x00000b10      0x244 ./drivers/fsl_lpsci.o
 .debug_frame   0x00000d54      0x2a0 ./drivers/fsl_uart.o
 .debug_frame   0x00000ff4       0x28 ./board/board.o
 .debug_frame   0x0000101c       0x58 ./board/clock_config.o
 .debug_frame   0x00001074       0x20 ./board/peripherals.o
 .debug_frame   0x00001094       0x38 ./board/pin_mux.o
 .debug_frame   0x000010cc       0x3c ./CMSIS/system_MKL25Z4.o

Cross Reference Table

Symbol                                            File
ADC0_DriverIRQHandler                             ./startup/startup_mkl25z4.o
ADC0_IRQHandler                                   ./startup/startup_mkl25z4.o
BOARD_BootClockRUN                                ./board/clock_config.o
BOARD_BootClockVLPR                               ./board/clock_config.o
BOARD_InitBootClocks                              ./board/clock_config.o
                                                  ./source/Assignment4_Buffahiti.o
BOARD_InitBootPeripherals                         ./board/peripherals.o
                                                  ./source/Assignment4_Buffahiti.o
BOARD_InitBootPins                                ./board/pin_mux.o
                                                  ./source/Assignment4_Buffahiti.o
BOARD_InitDebugConsole                            ./board/board.o
                                                  ./source/Assignment4_Buffahiti.o
BOARD_InitPins                                    ./board/pin_mux.o
CLOCK_BootToBlpeMode                              ./drivers/fsl_clock.o
CLOCK_BootToBlpiMode                              ./drivers/fsl_clock.o
                                                  ./board/clock_config.o
CLOCK_BootToFeeMode                               ./drivers/fsl_clock.o
CLOCK_BootToFeiMode                               ./drivers/fsl_clock.o
CLOCK_BootToPeeMode                               ./drivers/fsl_clock.o
                                                  ./board/clock_config.o
CLOCK_CalcPllDiv                                  ./drivers/fsl_clock.o
CLOCK_ClearStatusFlags                            ./drivers/fsl_clock.o
CLOCK_DeinitOsc0                                  ./drivers/fsl_clock.o
CLOCK_EnablePll0                                  ./drivers/fsl_clock.o
CLOCK_EnableUsbfs0Clock                           ./drivers/fsl_clock.o
CLOCK_ExternalModeToFbeModeQuick                  ./drivers/fsl_clock.o
CLOCK_FllStableDelay                              ./drivers/fsl_clock.o
CLOCK_GetBusClkFreq                               ./drivers/fsl_clock.o
CLOCK_GetCoreSysClkFreq                           ./drivers/fsl_clock.o
CLOCK_GetEr32kClkFreq                             ./drivers/fsl_clock.o
CLOCK_GetFixedFreqClkFreq                         ./drivers/fsl_clock.o
CLOCK_GetFlashClkFreq                             ./drivers/fsl_clock.o
CLOCK_GetFllFreq                                  ./drivers/fsl_clock.o
CLOCK_GetFreq                                     ./drivers/fsl_clock.o
CLOCK_GetInternalRefClkFreq                       ./drivers/fsl_clock.o
CLOCK_GetMode                                     ./drivers/fsl_clock.o
CLOCK_GetOsc0ErClkFreq                            ./drivers/fsl_clock.o
CLOCK_GetOutClkFreq                               ./drivers/fsl_clock.o
CLOCK_GetPlatClkFreq                              ./drivers/fsl_clock.o
CLOCK_GetPll0Freq                                 ./drivers/fsl_clock.o
CLOCK_GetPllFllSelClkFreq                         ./drivers/fsl_clock.o
                                                  ./board/board.o
CLOCK_GetStatusFlags                              ./drivers/fsl_clock.o
CLOCK_InitOsc0                                    ./drivers/fsl_clock.o
                                                  ./board/clock_config.o
CLOCK_InternalModeToFbiModeQuick                  ./drivers/fsl_clock.o
CLOCK_SetBlpeMode                                 ./drivers/fsl_clock.o
CLOCK_SetBlpiMode                                 ./drivers/fsl_clock.o
CLOCK_SetExternalRefClkConfig                     ./drivers/fsl_clock.o
CLOCK_SetFbeMode                                  ./drivers/fsl_clock.o
CLOCK_SetFbiMode                                  ./drivers/fsl_clock.o
CLOCK_SetFeeMode                                  ./drivers/fsl_clock.o
CLOCK_SetFeiMode                                  ./drivers/fsl_clock.o
CLOCK_SetInternalRefClkConfig                     ./drivers/fsl_clock.o
                                                  ./board/clock_config.o
CLOCK_SetMcgConfig                                ./drivers/fsl_clock.o
CLOCK_SetOsc0MonitorMode                          ./drivers/fsl_clock.o
CLOCK_SetPbeMode                                  ./drivers/fsl_clock.o
CLOCK_SetPeeMode                                  ./drivers/fsl_clock.o
CLOCK_SetPll0MonitorMode                          ./drivers/fsl_clock.o
CLOCK_SetSimConfig                                ./drivers/fsl_clock.o
                                                  ./board/clock_config.o
CLOCK_TrimInternalRefClk                          ./drivers/fsl_clock.o
CMP0_DriverIRQHandler                             ./startup/startup_mkl25z4.o
CMP0_IRQHandler                                   ./startup/startup_mkl25z4.o
DAC0_DriverIRQHandler                             ./startup/startup_mkl25z4.o
DAC0_IRQHandler                                   ./startup/startup_mkl25z4.o
DMA0_DriverIRQHandler                             ./startup/startup_mkl25z4.o
DMA0_IRQHandler                                   ./startup/startup_mkl25z4.o
DMA1_DriverIRQHandler                             ./startup/startup_mkl25z4.o
DMA1_IRQHandler                                   ./startup/startup_mkl25z4.o
DMA2_DriverIRQHandler                             ./startup/startup_mkl25z4.o
DMA2_IRQHandler                                   ./startup/startup_mkl25z4.o
DMA3_DriverIRQHandler                             ./startup/startup_mkl25z4.o
DMA3_IRQHandler                                   ./startup/startup_mkl25z4.o
DbgConsole_Deinit                                 ./utilities/fsl_debug_console.o
DbgConsole_Getchar                                ./utilities/fsl_debug_console.o
DbgConsole_Init                                   ./utilities/fsl_debug_console.o
                                                  ./board/board.o
DbgConsole_Printf                                 ./utilities/fsl_debug_console.o
                                                  ./source/state_machine.o
                                                  ./source/Assignment4_Buffahiti.o
DbgConsole_Putchar                                ./utilities/fsl_debug_console.o
DbgConsole_Scanf                                  ./utilities/fsl_debug_console.o
FLASH_Erase                                       ./drivers/fsl_flash.o
FLASH_EraseAll                                    ./drivers/fsl_flash.o
FLASH_EraseAllExecuteOnlySegments                 ./drivers/fsl_flash.o
FLASH_GetProperty                                 ./drivers/fsl_flash.o
FLASH_GetSecurityState                            ./drivers/fsl_flash.o
FLASH_Init                                        ./drivers/fsl_flash.o
FLASH_IsExecuteOnly                               ./drivers/fsl_flash.o
FLASH_IsProtected                                 ./drivers/fsl_flash.o
FLASH_PflashGetPrefetchSpeculation                ./drivers/fsl_flash.o
FLASH_PflashGetProtection                         ./drivers/fsl_flash.o
FLASH_PflashSetPrefetchSpeculation                ./drivers/fsl_flash.o
                                                  ./drivers/fsl_smc.o
FLASH_PflashSetProtection                         ./drivers/fsl_flash.o
FLASH_PrepareExecuteInRamFunctions                ./drivers/fsl_flash.o
FLASH_Program                                     ./drivers/fsl_flash.o
FLASH_ProgramOnce                                 ./drivers/fsl_flash.o
FLASH_ReadOnce                                    ./drivers/fsl_flash.o
FLASH_ReadResource                                ./drivers/fsl_flash.o
FLASH_SecurityBypass                              ./drivers/fsl_flash.o
FLASH_SetCallback                                 ./drivers/fsl_flash.o
FLASH_SetProperty                                 ./drivers/fsl_flash.o
FLASH_VerifyErase                                 ./drivers/fsl_flash.o
FLASH_VerifyEraseAll                              ./drivers/fsl_flash.o
FLASH_VerifyEraseAllExecuteOnlySegments           ./drivers/fsl_flash.o
FLASH_VerifyProgram                               ./drivers/fsl_flash.o
FTFA_DriverIRQHandler                             ./startup/startup_mkl25z4.o
FTFA_IRQHandler                                   ./startup/startup_mkl25z4.o
Flash_Config                                      ./startup/startup_mkl25z4.o
GPIO_ClearPinsInterruptFlags                      ./drivers/fsl_gpio.o
GPIO_GetPinsInterruptFlags                        ./drivers/fsl_gpio.o
GPIO_PinInit                                      ./drivers/fsl_gpio.o
HardFault_Handler                                 ./source/semihost_hardfault.o
                                                  ./startup/startup_mkl25z4.o
I2C0_DriverIRQHandler                             ./startup/startup_mkl25z4.o
I2C0_IRQHandler                                   ./startup/startup_mkl25z4.o
I2C1_DriverIRQHandler                             ./startup/startup_mkl25z4.o
I2C1_IRQHandler                                   ./startup/startup_mkl25z4.o
Init_Blue_LED_PWM                                 ./source/pwm.o
                                                  ./source/Assignment4_Buffahiti.o
Init_Green_LED_PWM                                ./source/pwm.o
                                                  ./source/Assignment4_Buffahiti.o
Init_Red_LED_PWM                                  ./source/pwm.o
                                                  ./source/Assignment4_Buffahiti.o
InstallIRQHandler                                 ./drivers/fsl_common.o
IntDefaultHandler                                 ./startup/startup_mkl25z4.o
LLWU_DriverIRQHandler                             ./startup/startup_mkl25z4.o
LLWU_IRQHandler                                   ./startup/startup_mkl25z4.o
LPSCI_ClearStatusFlags                            ./drivers/fsl_lpsci.o
LPSCI_Deinit                                      ./drivers/fsl_lpsci.o
                                                  ./utilities/fsl_debug_console.o
LPSCI_DisableInterrupts                           ./drivers/fsl_lpsci.o
LPSCI_EnableInterrupts                            ./drivers/fsl_lpsci.o
LPSCI_GetDefaultConfig                            ./drivers/fsl_lpsci.o
                                                  ./utilities/fsl_debug_console.o
LPSCI_GetEnabledInterrupts                        ./drivers/fsl_lpsci.o
LPSCI_GetInstance                                 ./drivers/fsl_lpsci.o
LPSCI_GetStatusFlags                              ./drivers/fsl_lpsci.o
LPSCI_Init                                        ./drivers/fsl_lpsci.o
                                                  ./utilities/fsl_debug_console.o
LPSCI_ReadBlocking                                ./drivers/fsl_lpsci.o
                                                  ./utilities/fsl_debug_console.o
LPSCI_SetBaudRate                                 ./drivers/fsl_lpsci.o
LPSCI_TransferAbortReceive                        ./drivers/fsl_lpsci.o
LPSCI_TransferAbortSend                           ./drivers/fsl_lpsci.o
LPSCI_TransferCreateHandle                        ./drivers/fsl_lpsci.o
LPSCI_TransferGetReceiveCount                     ./drivers/fsl_lpsci.o
LPSCI_TransferGetSendCount                        ./drivers/fsl_lpsci.o
LPSCI_TransferHandleErrorIRQ                      ./drivers/fsl_lpsci.o
LPSCI_TransferHandleIRQ                           ./drivers/fsl_lpsci.o
LPSCI_TransferReceiveNonBlocking                  ./drivers/fsl_lpsci.o
LPSCI_TransferSendNonBlocking                     ./drivers/fsl_lpsci.o
LPSCI_TransferStartRingBuffer                     ./drivers/fsl_lpsci.o
LPSCI_TransferStopRingBuffer                      ./drivers/fsl_lpsci.o
LPSCI_WriteBlocking                               ./drivers/fsl_lpsci.o
                                                  ./utilities/fsl_debug_console.o
LPTMR0_DriverIRQHandler                           ./startup/startup_mkl25z4.o
LPTMR0_IRQHandler                                 ./startup/startup_mkl25z4.o
LVD_LVW_DriverIRQHandler                          ./startup/startup_mkl25z4.o
LVD_LVW_IRQHandler                                ./startup/startup_mkl25z4.o
MCG_DriverIRQHandler                              ./startup/startup_mkl25z4.o
MCG_IRQHandler                                    ./startup/startup_mkl25z4.o
NMI_Handler                                       ./startup/startup_mkl25z4.o
PIT_DriverIRQHandler                              ./startup/startup_mkl25z4.o
PIT_IRQHandler                                    ./startup/startup_mkl25z4.o
PORTA_DriverIRQHandler                            ./startup/startup_mkl25z4.o
PORTA_IRQHandler                                  ./startup/startup_mkl25z4.o
PORTD_DriverIRQHandler                            ./startup/startup_mkl25z4.o
PORTD_IRQHandler                                  ./startup/startup_mkl25z4.o
PendSV_Handler                                    ./startup/startup_mkl25z4.o
RTC_DriverIRQHandler                              ./startup/startup_mkl25z4.o
RTC_IRQHandler                                    ./startup/startup_mkl25z4.o
RTC_Seconds_DriverIRQHandler                      ./startup/startup_mkl25z4.o
RTC_Seconds_IRQHandler                            ./startup/startup_mkl25z4.o
Reserved20_DriverIRQHandler                       ./startup/startup_mkl25z4.o
Reserved20_IRQHandler                             ./startup/startup_mkl25z4.o
Reserved39_DriverIRQHandler                       ./startup/startup_mkl25z4.o
Reserved39_IRQHandler                             ./startup/startup_mkl25z4.o
Reserved45_DriverIRQHandler                       ./startup/startup_mkl25z4.o
Reserved45_IRQHandler                             ./startup/startup_mkl25z4.o
ResetISR                                          ./startup/startup_mkl25z4.o
SMC_PostExitStopModes                             ./drivers/fsl_smc.o
SMC_PreEnterStopModes                             ./drivers/fsl_smc.o
SMC_SetPowerModeLls                               ./drivers/fsl_smc.o
SMC_SetPowerModeRun                               ./drivers/fsl_smc.o
SMC_SetPowerModeStop                              ./drivers/fsl_smc.o
SMC_SetPowerModeVlls                              ./drivers/fsl_smc.o
SMC_SetPowerModeVlpr                              ./drivers/fsl_smc.o
                                                  ./board/clock_config.o
SMC_SetPowerModeVlps                              ./drivers/fsl_smc.o
SMC_SetPowerModeVlpw                              ./drivers/fsl_smc.o
SMC_SetPowerModeWait                              ./drivers/fsl_smc.o
SPI0_DriverIRQHandler                             ./startup/startup_mkl25z4.o
SPI0_IRQHandler                                   ./startup/startup_mkl25z4.o
SPI1_DriverIRQHandler                             ./startup/startup_mkl25z4.o
SPI1_IRQHandler                                   ./startup/startup_mkl25z4.o
SVC_Handler                                       ./startup/startup_mkl25z4.o
SysTick_Handler                                   ./source/Timer.o
                                                  ./startup/startup_mkl25z4.o
SystemCoreClock                                   ./CMSIS/system_MKL25Z4.o
                                                  ./board/clock_config.o
SystemCoreClockUpdate                             ./CMSIS/system_MKL25Z4.o
SystemInit                                        ./CMSIS/system_MKL25Z4.o
                                                  ./startup/startup_mkl25z4.o
TPM0_DriverIRQHandler                             ./startup/startup_mkl25z4.o
TPM0_IRQHandler                                   ./startup/startup_mkl25z4.o
TPM1_DriverIRQHandler                             ./startup/startup_mkl25z4.o
TPM1_IRQHandler                                   ./startup/startup_mkl25z4.o
TPM2_DriverIRQHandler                             ./startup/startup_mkl25z4.o
TPM2_IRQHandler                                   ./startup/startup_mkl25z4.o
TSI0_DriverIRQHandler                             ./startup/startup_mkl25z4.o
TSI0_IRQHandler                                   ./startup/startup_mkl25z4.o
Touch_Init                                        ./source/TSI.o
                                                  ./source/Assignment4_Buffahiti.o
Touch_Scan_LH                                     ./source/TSI.o
                                                  ./source/state_machine.o
UART0_DriverIRQHandler                            ./drivers/fsl_lpsci.o
                                                  ./startup/startup_mkl25z4.o
UART0_IRQHandler                                  ./startup/startup_mkl25z4.o
UART1_DriverIRQHandler                            ./drivers/fsl_uart.o
                                                  ./startup/startup_mkl25z4.o
UART1_IRQHandler                                  ./startup/startup_mkl25z4.o
UART1_RX_TX_DriverIRQHandler                      ./drivers/fsl_uart.o
UART2_DriverIRQHandler                            ./drivers/fsl_uart.o
                                                  ./startup/startup_mkl25z4.o
UART2_IRQHandler                                  ./startup/startup_mkl25z4.o
UART2_RX_TX_DriverIRQHandler                      ./drivers/fsl_uart.o
UART_ClearStatusFlags                             ./drivers/fsl_uart.o
UART_Deinit                                       ./drivers/fsl_uart.o
                                                  ./utilities/fsl_debug_console.o
UART_DisableInterrupts                            ./drivers/fsl_uart.o
UART_EnableInterrupts                             ./drivers/fsl_uart.o
UART_GetDefaultConfig                             ./drivers/fsl_uart.o
                                                  ./utilities/fsl_debug_console.o
UART_GetEnabledInterrupts                         ./drivers/fsl_uart.o
UART_GetInstance                                  ./drivers/fsl_uart.o
UART_GetStatusFlags                               ./drivers/fsl_uart.o
UART_Init                                         ./drivers/fsl_uart.o
                                                  ./utilities/fsl_debug_console.o
UART_ReadBlocking                                 ./drivers/fsl_uart.o
                                                  ./utilities/fsl_debug_console.o
UART_SetBaudRate                                  ./drivers/fsl_uart.o
UART_TransferAbortReceive                         ./drivers/fsl_uart.o
UART_TransferAbortSend                            ./drivers/fsl_uart.o
UART_TransferCreateHandle                         ./drivers/fsl_uart.o
UART_TransferGetReceiveCount                      ./drivers/fsl_uart.o
UART_TransferGetSendCount                         ./drivers/fsl_uart.o
UART_TransferHandleErrorIRQ                       ./drivers/fsl_uart.o
UART_TransferHandleIRQ                            ./drivers/fsl_uart.o
UART_TransferReceiveNonBlocking                   ./drivers/fsl_uart.o
UART_TransferSendNonBlocking                      ./drivers/fsl_uart.o
UART_TransferStartRingBuffer                      ./drivers/fsl_uart.o
UART_TransferStopRingBuffer                       ./drivers/fsl_uart.o
UART_WriteBlocking                                ./drivers/fsl_uart.o
                                                  ./utilities/fsl_debug_console.o
USB0_DriverIRQHandler                             ./startup/startup_mkl25z4.o
USB0_IRQHandler                                   ./startup/startup_mkl25z4.o
_Csys_alloc                                       c:/nxp/mcuxpressoide_11.2.0_4120/ide/plugins/com.nxp.mcuxpresso.tools.win32_11.2.0.202001021529/tools/bin/../lib/gcc/arm-none-eabi/9.2.1/../../../../arm-none-eabi/lib/thumb/v6-m/nofp\libcr_c.a(alloc.o)
                                                  c:/nxp/mcuxpressoide_11.2.0_4120/ide/plugins/com.nxp.mcuxpresso.tools.win32_11.2.0.202001021529/tools/bin/../lib/gcc/arm-none-eabi/9.2.1/../../../../arm-none-eabi/lib/thumb/v6-m/nofp\libcr_c.a(_deferredlazyseek.o)
_Cwritebuf                                        c:/nxp/mcuxpressoide_11.2.0_4120/ide/plugins/com.nxp.mcuxpresso.tools.win32_11.2.0.202001021529/tools/bin/../lib/gcc/arm-none-eabi/9.2.1/../../../../arm-none-eabi/lib/thumb/v6-m/nofp\libcr_c.a(_writebuf.o)
                                                  c:/nxp/mcuxpressoide_11.2.0_4120/ide/plugins/com.nxp.mcuxpresso.tools.win32_11.2.0.202001021529/tools/bin/../lib/gcc/arm-none-eabi/9.2.1/../../../../arm-none-eabi/lib/thumb/v6-m/nofp\libcr_c.a(_deferredlazyseek.o)
                                                  c:/nxp/mcuxpressoide_11.2.0_4120/ide/plugins/com.nxp.mcuxpresso.tools.win32_11.2.0.202001021529/tools/bin/../lib/gcc/arm-none-eabi/9.2.1/../../../../arm-none-eabi/lib/thumb/v6-m/nofp\libcr_c.a(_fflush.o)
__Ciob                                            c:/nxp/mcuxpressoide_11.2.0_4120/ide/plugins/com.nxp.mcuxpresso.tools.win32_11.2.0.202001021529/tools/bin/../lib/gcc/arm-none-eabi/9.2.1/../../../../arm-none-eabi/lib/thumb/v6-m/nofp\libcr_nohost_nf.a(__ciob.o)
                                                  c:/nxp/mcuxpressoide_11.2.0_4120/ide/plugins/com.nxp.mcuxpresso.tools.win32_11.2.0.202001021529/tools/bin/../lib/gcc/arm-none-eabi/9.2.1/../../../../arm-none-eabi/lib/thumb/v6-m/nofp\libcr_c.a(fflush.o)
                                                  c:/nxp/mcuxpressoide_11.2.0_4120/ide/plugins/com.nxp.mcuxpresso.tools.win32_11.2.0.202001021529/tools/bin/../lib/gcc/arm-none-eabi/9.2.1/../../../../arm-none-eabi/lib/thumb/v6-m/nofp\libcr_c.a(initio.o)
__RAM_VECTOR_TABLE_SIZE_BYTES                     ./drivers/fsl_common.o
__VECTOR_RAM                                      ./drivers/fsl_common.o
__VECTOR_TABLE                                    ./drivers/fsl_common.o
__Vectors                                         ./startup/startup_mkl25z4.o
__aeabi_cfcmpeq                                   c:/nxp/mcuxpressoide_11.2.0_4120/ide/plugins/com.nxp.mcuxpresso.tools.win32_11.2.0.202001021529/tools/bin/../lib/gcc/arm-none-eabi/9.2.1/thumb/v6-m/nofp\libcr_eabihelpers.a(float.o)
__aeabi_cfcmple                                   c:/nxp/mcuxpressoide_11.2.0_4120/ide/plugins/com.nxp.mcuxpresso.tools.win32_11.2.0.202001021529/tools/bin/../lib/gcc/arm-none-eabi/9.2.1/thumb/v6-m/nofp\libcr_eabihelpers.a(float.o)
__aeabi_cfrcmple                                  c:/nxp/mcuxpressoide_11.2.0_4120/ide/plugins/com.nxp.mcuxpresso.tools.win32_11.2.0.202001021529/tools/bin/../lib/gcc/arm-none-eabi/9.2.1/thumb/v6-m/nofp\libcr_eabihelpers.a(float.o)
__aeabi_f2d                                       c:/nxp/mcuxpressoide_11.2.0_4120/ide/plugins/com.nxp.mcuxpresso.tools.win32_11.2.0.202001021529/tools/bin/../lib/gcc/arm-none-eabi/9.2.1/thumb/v6-m/nofp\libcr_eabihelpers.a(float.o)
__aeabi_f2iz                                      c:/nxp/mcuxpressoide_11.2.0_4120/ide/plugins/com.nxp.mcuxpresso.tools.win32_11.2.0.202001021529/tools/bin/../lib/gcc/arm-none-eabi/9.2.1/thumb/v6-m/nofp\libcr_eabihelpers.a(float.o)
                                                  ./source/state_machine.o
__aeabi_f2lz                                      c:/nxp/mcuxpressoide_11.2.0_4120/ide/plugins/com.nxp.mcuxpresso.tools.win32_11.2.0.202001021529/tools/bin/../lib/gcc/arm-none-eabi/9.2.1/thumb/v6-m/nofp\libcr_eabihelpers.a(float.o)
__aeabi_f2uiz                                     c:/nxp/mcuxpressoide_11.2.0_4120/ide/plugins/com.nxp.mcuxpresso.tools.win32_11.2.0.202001021529/tools/bin/../lib/gcc/arm-none-eabi/9.2.1/thumb/v6-m/nofp\libcr_eabihelpers.a(float.o)
__aeabi_f2ulz                                     c:/nxp/mcuxpressoide_11.2.0_4120/ide/plugins/com.nxp.mcuxpresso.tools.win32_11.2.0.202001021529/tools/bin/../lib/gcc/arm-none-eabi/9.2.1/thumb/v6-m/nofp\libcr_eabihelpers.a(float.o)
__aeabi_fadd                                      c:/nxp/mcuxpressoide_11.2.0_4120/ide/plugins/com.nxp.mcuxpresso.tools.win32_11.2.0.202001021529/tools/bin/../lib/gcc/arm-none-eabi/9.2.1/thumb/v6-m/nofp\libcr_eabihelpers.a(float.o)
__aeabi_fcmpeq                                    c:/nxp/mcuxpressoide_11.2.0_4120/ide/plugins/com.nxp.mcuxpresso.tools.win32_11.2.0.202001021529/tools/bin/../lib/gcc/arm-none-eabi/9.2.1/thumb/v6-m/nofp\libcr_eabihelpers.a(float.o)
__aeabi_fcmpge                                    c:/nxp/mcuxpressoide_11.2.0_4120/ide/plugins/com.nxp.mcuxpresso.tools.win32_11.2.0.202001021529/tools/bin/../lib/gcc/arm-none-eabi/9.2.1/thumb/v6-m/nofp\libcr_eabihelpers.a(float.o)
__aeabi_fcmpgt                                    c:/nxp/mcuxpressoide_11.2.0_4120/ide/plugins/com.nxp.mcuxpresso.tools.win32_11.2.0.202001021529/tools/bin/../lib/gcc/arm-none-eabi/9.2.1/thumb/v6-m/nofp\libcr_eabihelpers.a(float.o)
                                                  ./source/state_machine.o
__aeabi_fcmple                                    c:/nxp/mcuxpressoide_11.2.0_4120/ide/plugins/com.nxp.mcuxpresso.tools.win32_11.2.0.202001021529/tools/bin/../lib/gcc/arm-none-eabi/9.2.1/thumb/v6-m/nofp\libcr_eabihelpers.a(float.o)
                                                  ./source/state_machine.o
__aeabi_fcmplt                                    c:/nxp/mcuxpressoide_11.2.0_4120/ide/plugins/com.nxp.mcuxpresso.tools.win32_11.2.0.202001021529/tools/bin/../lib/gcc/arm-none-eabi/9.2.1/thumb/v6-m/nofp\libcr_eabihelpers.a(float.o)
__aeabi_fcmpun                                    c:/nxp/mcuxpressoide_11.2.0_4120/ide/plugins/com.nxp.mcuxpresso.tools.win32_11.2.0.202001021529/tools/bin/../lib/gcc/arm-none-eabi/9.2.1/thumb/v6-m/nofp\libcr_eabihelpers.a(float.o)
__aeabi_fdiv                                      c:/nxp/mcuxpressoide_11.2.0_4120/ide/plugins/com.nxp.mcuxpresso.tools.win32_11.2.0.202001021529/tools/bin/../lib/gcc/arm-none-eabi/9.2.1/thumb/v6-m/nofp\libcr_eabihelpers.a(float.o)
__aeabi_fmul                                      c:/nxp/mcuxpressoide_11.2.0_4120/ide/plugins/com.nxp.mcuxpresso.tools.win32_11.2.0.202001021529/tools/bin/../lib/gcc/arm-none-eabi/9.2.1/thumb/v6-m/nofp\libcr_eabihelpers.a(float.o)
__aeabi_fneg                                      c:/nxp/mcuxpressoide_11.2.0_4120/ide/plugins/com.nxp.mcuxpresso.tools.win32_11.2.0.202001021529/tools/bin/../lib/gcc/arm-none-eabi/9.2.1/thumb/v6-m/nofp\libcr_eabihelpers.a(float.o)
__aeabi_frsub                                     c:/nxp/mcuxpressoide_11.2.0_4120/ide/plugins/com.nxp.mcuxpresso.tools.win32_11.2.0.202001021529/tools/bin/../lib/gcc/arm-none-eabi/9.2.1/thumb/v6-m/nofp\libcr_eabihelpers.a(float.o)
__aeabi_fsub                                      c:/nxp/mcuxpressoide_11.2.0_4120/ide/plugins/com.nxp.mcuxpresso.tools.win32_11.2.0.202001021529/tools/bin/../lib/gcc/arm-none-eabi/9.2.1/thumb/v6-m/nofp\libcr_eabihelpers.a(float.o)
                                                  ./source/state_machine.o
__aeabi_i2f                                       c:/nxp/mcuxpressoide_11.2.0_4120/ide/plugins/com.nxp.mcuxpresso.tools.win32_11.2.0.202001021529/tools/bin/../lib/gcc/arm-none-eabi/9.2.1/thumb/v6-m/nofp\libcr_eabihelpers.a(float.o)
                                                  ./source/state_machine.o
__aeabi_idiv                                      c:/nxp/mcuxpressoide_11.2.0_4120/ide/plugins/com.nxp.mcuxpresso.tools.win32_11.2.0.202001021529/tools/bin/../lib/gcc/arm-none-eabi/9.2.1/thumb/v6-m/nofp\libcr_eabihelpers.a(division_32.o)
                                                  ./CMSIS/system_MKL25Z4.o
                                                  ./drivers/fsl_clock.o
                                                  ./source/state_machine.o
                                                  ./utilities/fsl_debug_console.o
__aeabi_idiv0                                     c:/nxp/mcuxpressoide_11.2.0_4120/ide/plugins/com.nxp.mcuxpresso.tools.win32_11.2.0.202001021529/tools/bin/../lib/gcc/arm-none-eabi/9.2.1/thumb/v6-m/nofp\libcr_eabihelpers.a(division_idiv0.o)
                                                  c:/nxp/mcuxpressoide_11.2.0_4120/ide/plugins/com.nxp.mcuxpresso.tools.win32_11.2.0.202001021529/tools/bin/../lib/gcc/arm-none-eabi/9.2.1/thumb/v6-m/nofp\libcr_eabihelpers.a(division_32.o)
__aeabi_idivmod                                   c:/nxp/mcuxpressoide_11.2.0_4120/ide/plugins/com.nxp.mcuxpresso.tools.win32_11.2.0.202001021529/tools/bin/../lib/gcc/arm-none-eabi/9.2.1/thumb/v6-m/nofp\libcr_eabihelpers.a(division_32.o)
                                                  ./source/state_machine.o
                                                  ./utilities/fsl_debug_console.o
__aeabi_l2f                                       c:/nxp/mcuxpressoide_11.2.0_4120/ide/plugins/com.nxp.mcuxpresso.tools.win32_11.2.0.202001021529/tools/bin/../lib/gcc/arm-none-eabi/9.2.1/thumb/v6-m/nofp\libcr_eabihelpers.a(float.o)
__aeabi_lasr                                      c:/nxp/mcuxpressoide_11.2.0_4120/ide/plugins/com.nxp.mcuxpresso.tools.win32_11.2.0.202001021529/tools/bin/../lib/gcc/arm-none-eabi/9.2.1/thumb/v6-m/nofp\libcr_eabihelpers.a(llong.o)
__aeabi_lcmp                                      c:/nxp/mcuxpressoide_11.2.0_4120/ide/plugins/com.nxp.mcuxpresso.tools.win32_11.2.0.202001021529/tools/bin/../lib/gcc/arm-none-eabi/9.2.1/thumb/v6-m/nofp\libcr_eabihelpers.a(llong.o)
__aeabi_llsl                                      c:/nxp/mcuxpressoide_11.2.0_4120/ide/plugins/com.nxp.mcuxpresso.tools.win32_11.2.0.202001021529/tools/bin/../lib/gcc/arm-none-eabi/9.2.1/thumb/v6-m/nofp\libcr_eabihelpers.a(llong.o)
__aeabi_llsr                                      c:/nxp/mcuxpressoide_11.2.0_4120/ide/plugins/com.nxp.mcuxpresso.tools.win32_11.2.0.202001021529/tools/bin/../lib/gcc/arm-none-eabi/9.2.1/thumb/v6-m/nofp\libcr_eabihelpers.a(llong.o)
__aeabi_lmul                                      c:/nxp/mcuxpressoide_11.2.0_4120/ide/plugins/com.nxp.mcuxpresso.tools.win32_11.2.0.202001021529/tools/bin/../lib/gcc/arm-none-eabi/9.2.1/thumb/v6-m/nofp\libcr_eabihelpers.a(llong.o)
                                                  c:/nxp/mcuxpressoide_11.2.0_4120/ide/plugins/com.nxp.mcuxpresso.tools.win32_11.2.0.202001021529/tools/bin/../lib/gcc/arm-none-eabi/9.2.1/thumb/v6-m/nofp\libcr_eabihelpers.a(float.o)
__aeabi_lowlevel_memset                           c:/nxp/mcuxpressoide_11.2.0_4120/ide/plugins/com.nxp.mcuxpresso.tools.win32_11.2.0.202001021529/tools/bin/../lib/gcc/arm-none-eabi/9.2.1/thumb/v6-m/nofp\libcr_eabihelpers.a(memcpy.o)
                                                  c:/nxp/mcuxpressoide_11.2.0_4120/ide/plugins/com.nxp.mcuxpresso.tools.win32_11.2.0.202001021529/tools/bin/../lib/gcc/arm-none-eabi/9.2.1/../../../../arm-none-eabi/lib/thumb/v6-m/nofp\libcr_c.a(memset.o)
__aeabi_memclr                                    c:/nxp/mcuxpressoide_11.2.0_4120/ide/plugins/com.nxp.mcuxpresso.tools.win32_11.2.0.202001021529/tools/bin/../lib/gcc/arm-none-eabi/9.2.1/thumb/v6-m/nofp\libcr_eabihelpers.a(memcpy.o)
__aeabi_memclr4                                   c:/nxp/mcuxpressoide_11.2.0_4120/ide/plugins/com.nxp.mcuxpresso.tools.win32_11.2.0.202001021529/tools/bin/../lib/gcc/arm-none-eabi/9.2.1/thumb/v6-m/nofp\libcr_eabihelpers.a(memcpy.o)
__aeabi_memclr8                                   c:/nxp/mcuxpressoide_11.2.0_4120/ide/plugins/com.nxp.mcuxpresso.tools.win32_11.2.0.202001021529/tools/bin/../lib/gcc/arm-none-eabi/9.2.1/thumb/v6-m/nofp\libcr_eabihelpers.a(memcpy.o)
__aeabi_memcpy                                    c:/nxp/mcuxpressoide_11.2.0_4120/ide/plugins/com.nxp.mcuxpresso.tools.win32_11.2.0.202001021529/tools/bin/../lib/gcc/arm-none-eabi/9.2.1/thumb/v6-m/nofp\libcr_eabihelpers.a(memcpy.o)
                                                  c:/nxp/mcuxpressoide_11.2.0_4120/ide/plugins/com.nxp.mcuxpresso.tools.win32_11.2.0.202001021529/tools/bin/../lib/gcc/arm-none-eabi/9.2.1/../../../../arm-none-eabi/lib/thumb/v6-m/nofp\libcr_c.a(memcpy.o)